PES Project 4.c:130:17:errorState	8	static
PES Project 4.c:42:17:tempReadState	8	static
PES Project 4.c:61:17:tempAlertState	8	static
PES Project 4.c:27:6:smallDelay	0	static
PES Project 4.c:32:6:endProgram	8	static
PES Project 4.c:122:17:disconnectState	8	static
PES Project 4.c:208:6:initPortD	0	static
PES Project 4.c:219:6:resetSysTick	0	static
PES Project 4.c:82:17:avgWaitState	24	static
PES Project 4.c:227:6:startSysTick	0	static
PES Project 4.c:233:6:Init_SysTick	0	static
PES Project 4.c:139:5:main	24	static
PES Project 4.c:241:6:PORTD_IRQHandler	8	static
PES Project 4.c:252:6:SysTick_Handler	8	static
