PES Project 4.c:37:17:tempAlertState	8	static
PES Project 4.c:68:17:disconnectState	8	static
PES Project 4.c:76:17:errorState	8	static
PES Project 4.c:24:17:tempReadState	8	static
PES Project 4.c:19:6:smallDelay	0	static
PES Project 4.c:131:6:initPortD	0	static
PES Project 4.c:141:6:resetSysTick	0	static
PES Project 4.c:44:17:avgWaitState	16	static
PES Project 4.c:149:6:startSysTick	0	static
PES Project 4.c:155:6:Init_SysTick	0	static
PES Project 4.c:84:5:main	24	static
PES Project 4.c:163:6:PORTD_IRQHandler	8	static
PES Project 4.c:174:6:SysTick_Handler	8	static
