stateFunctions.c:243:17:errorState	16	static
stateFunctions.c:141:17:tempAlertState	16	static
stateFunctions.c:91:17:tempReadState	16	static
stateFunctions.c:67:6:smallDelay	0	static
stateFunctions.c:261:6:initPortD	0	static
stateFunctions.c:277:6:resetSysTick	0	static
stateFunctions.c:73:6:endProgram	16	static
stateFunctions.c:228:17:disconnectState	8	static
stateFunctions.c:171:17:avgWaitState	16	static
stateFunctions.c:290:6:startSysTick	0	static
stateFunctions.c:297:6:Init_SysTick	0	static
stateFunctions.c:308:6:PORTD_IRQHandler	0	static
stateFunctions.c:322:6:SysTick_Handler	8	static
