stateFunctions.c:230:17:errorState	16	static
stateFunctions.c:67:6:smallDelay	8	static
stateFunctions.c:89:17:tempReadState	24	static
stateFunctions.c:137:17:tempAlertState	16	static
stateFunctions.c:245:6:initPortD	0	static
stateFunctions.c:261:6:resetSysTick	0	static
stateFunctions.c:73:6:endProgram	16	static
stateFunctions.c:215:17:disconnectState	8	static
stateFunctions.c:165:17:avgWaitState	16	static
stateFunctions.c:274:6:startSysTick	0	static
stateFunctions.c:281:6:Init_SysTick	0	static
stateFunctions.c:292:6:PORTD_IRQHandler	0	static
stateFunctions.c:304:6:SysTick_Handler	8	static
