Archive member included to satisfy reference by file (symbol)

/Applications/MCUXpressoIDE_11.0.1_2563/ide/plugins/com.nxp.mcuxpresso.tools.macosx_11.0.1.201907311258/tools/bin/../lib/gcc/arm-none-eabi/8.2.1/../../../../arm-none-eabi/lib/thumb/v6-m/nofp/libcr_semihost_nf.a(_cr__main.o)
                              ./startup/startup_mkl25z4.o (__main)
/Applications/MCUXpressoIDE_11.0.1_2563/ide/plugins/com.nxp.mcuxpresso.tools.macosx_11.0.1.201907311258/tools/bin/../lib/gcc/arm-none-eabi/8.2.1/../../../../arm-none-eabi/lib/thumb/v6-m/nofp/libcr_c.a(initio.o)
                              /Applications/MCUXpressoIDE_11.0.1_2563/ide/plugins/com.nxp.mcuxpresso.tools.macosx_11.0.1.201907311258/tools/bin/../lib/gcc/arm-none-eabi/8.2.1/../../../../arm-none-eabi/lib/thumb/v6-m/nofp/libcr_semihost_nf.a(_cr__main.o) (_initio)
/Applications/MCUXpressoIDE_11.0.1_2563/ide/plugins/com.nxp.mcuxpresso.tools.macosx_11.0.1.201907311258/tools/bin/../lib/gcc/arm-none-eabi/8.2.1/../../../../arm-none-eabi/lib/thumb/v6-m/nofp/libcr_c.a(printf.o)
                              ./source/PES Project 4.o (_printf)
/Applications/MCUXpressoIDE_11.0.1_2563/ide/plugins/com.nxp.mcuxpresso.tools.macosx_11.0.1.201907311258/tools/bin/../lib/gcc/arm-none-eabi/8.2.1/../../../../arm-none-eabi/lib/thumb/v6-m/nofp/libcr_c.a(setvbuf.o)
                              /Applications/MCUXpressoIDE_11.0.1_2563/ide/plugins/com.nxp.mcuxpresso.tools.macosx_11.0.1.201907311258/tools/bin/../lib/gcc/arm-none-eabi/8.2.1/../../../../arm-none-eabi/lib/thumb/v6-m/nofp/libcr_c.a(initio.o) (setvbuf)
/Applications/MCUXpressoIDE_11.0.1_2563/ide/plugins/com.nxp.mcuxpresso.tools.macosx_11.0.1.201907311258/tools/bin/../lib/gcc/arm-none-eabi/8.2.1/../../../../arm-none-eabi/lib/thumb/v6-m/nofp/libcr_c.a(strlen.o)
                              /Applications/MCUXpressoIDE_11.0.1_2563/ide/plugins/com.nxp.mcuxpresso.tools.macosx_11.0.1.201907311258/tools/bin/../lib/gcc/arm-none-eabi/8.2.1/../../../../arm-none-eabi/lib/thumb/v6-m/nofp/libcr_c.a(printf.o) (strlen)
/Applications/MCUXpressoIDE_11.0.1_2563/ide/plugins/com.nxp.mcuxpresso.tools.macosx_11.0.1.201907311258/tools/bin/../lib/gcc/arm-none-eabi/8.2.1/../../../../arm-none-eabi/lib/thumb/v6-m/nofp/libcr_c.a(memset.o)
                              /Applications/MCUXpressoIDE_11.0.1_2563/ide/plugins/com.nxp.mcuxpresso.tools.macosx_11.0.1.201907311258/tools/bin/../lib/gcc/arm-none-eabi/8.2.1/../../../../arm-none-eabi/lib/thumb/v6-m/nofp/libcr_c.a(printf.o) (memset)
/Applications/MCUXpressoIDE_11.0.1_2563/ide/plugins/com.nxp.mcuxpresso.tools.macosx_11.0.1.201907311258/tools/bin/../lib/gcc/arm-none-eabi/8.2.1/../../../../arm-none-eabi/lib/thumb/v6-m/nofp/libcr_c.a(_deferredlazyseek.o)
                              /Applications/MCUXpressoIDE_11.0.1_2563/ide/plugins/com.nxp.mcuxpresso.tools.macosx_11.0.1.201907311258/tools/bin/../lib/gcc/arm-none-eabi/8.2.1/../../../../arm-none-eabi/lib/thumb/v6-m/nofp/libcr_c.a(printf.o) (__flsbuf)
/Applications/MCUXpressoIDE_11.0.1_2563/ide/plugins/com.nxp.mcuxpresso.tools.macosx_11.0.1.201907311258/tools/bin/../lib/gcc/arm-none-eabi/8.2.1/../../../../arm-none-eabi/lib/thumb/v6-m/nofp/libcr_c.a(_fdopen.o)
                              /Applications/MCUXpressoIDE_11.0.1_2563/ide/plugins/com.nxp.mcuxpresso.tools.macosx_11.0.1.201907311258/tools/bin/../lib/gcc/arm-none-eabi/8.2.1/../../../../arm-none-eabi/lib/thumb/v6-m/nofp/libcr_c.a(initio.o) (_fdopen)
/Applications/MCUXpressoIDE_11.0.1_2563/ide/plugins/com.nxp.mcuxpresso.tools.macosx_11.0.1.201907311258/tools/bin/../lib/gcc/arm-none-eabi/8.2.1/../../../../arm-none-eabi/lib/thumb/v6-m/nofp/libcr_c.a(_fflush.o)
                              /Applications/MCUXpressoIDE_11.0.1_2563/ide/plugins/com.nxp.mcuxpresso.tools.macosx_11.0.1.201907311258/tools/bin/../lib/gcc/arm-none-eabi/8.2.1/../../../../arm-none-eabi/lib/thumb/v6-m/nofp/libcr_c.a(_deferredlazyseek.o) (_fflush)
/Applications/MCUXpressoIDE_11.0.1_2563/ide/plugins/com.nxp.mcuxpresso.tools.macosx_11.0.1.201907311258/tools/bin/../lib/gcc/arm-none-eabi/8.2.1/../../../../arm-none-eabi/lib/thumb/v6-m/nofp/libcr_c.a(_writebuf.o)
                              /Applications/MCUXpressoIDE_11.0.1_2563/ide/plugins/com.nxp.mcuxpresso.tools.macosx_11.0.1.201907311258/tools/bin/../lib/gcc/arm-none-eabi/8.2.1/../../../../arm-none-eabi/lib/thumb/v6-m/nofp/libcr_c.a(_deferredlazyseek.o) (_Cwritebuf)
/Applications/MCUXpressoIDE_11.0.1_2563/ide/plugins/com.nxp.mcuxpresso.tools.macosx_11.0.1.201907311258/tools/bin/../lib/gcc/arm-none-eabi/8.2.1/../../../../arm-none-eabi/lib/thumb/v6-m/nofp/libcr_c.a(alloc.o)
                              /Applications/MCUXpressoIDE_11.0.1_2563/ide/plugins/com.nxp.mcuxpresso.tools.macosx_11.0.1.201907311258/tools/bin/../lib/gcc/arm-none-eabi/8.2.1/../../../../arm-none-eabi/lib/thumb/v6-m/nofp/libcr_c.a(printf.o) (malloc)
[...]
Memory Configuration

Name             Origin             Length             Attributes
PROGRAM_FLASH    0x0000000000000000 0x0000000000020000 xr
SRAM             0x000000001ffff000 0x0000000000004000 xrw
*default*        0x0000000000000000 0xffffffffffffffff

Linker script and memory map

LOAD ./startup/startup_mkl25z4.o
LOAD ./source/PES Project 4.o
LOAD ./source/System.o
LOAD ./source/i2c.o
LOAD ./source/ledControl.o
LOAD ./source/loggerFunctions.o
LOAD ./source/mtb.o
LOAD ./source/semihost_hardfault.o
LOAD ./source/stateFunctions.o
LOAD ./source/unitTest.o
LOAD ./board/board.o
LOAD ./board/clock_config.o
LOAD ./board/pin_mux.o
LOAD ./CMSIS/system_MKL25Z4.o
START GROUP
LOAD /Applications/MCUXpressoIDE_11.0.1_2563/ide/plugins/com.nxp.mcuxpresso.tools.macosx_11.0.1.201907311258/tools/bin/../lib/gcc/arm-none-eabi/8.2.1/../../../../arm-none-eabi/lib/thumb/v6-m/nofp/libcr_semihost_nf.a
LOAD /Applications/MCUXpressoIDE_11.0.1_2563/ide/plugins/com.nxp.mcuxpresso.tools.macosx_11.0.1.201907311258/tools/bin/../lib/gcc/arm-none-eabi/8.2.1/../../../../arm-none-eabi/lib/thumb/v6-m/nofp/libcr_c.a
LOAD /Applications/MCUXpressoIDE_11.0.1_2563/ide/plugins/com.nxp.mcuxpresso.tools.macosx_11.0.1.201907311258/tools/bin/../lib/gcc/arm-none-eabi/8.2.1/thumb/v6-m/nofp/libcr_eabihelpers.a
LOAD /Applications/MCUXpressoIDE_11.0.1_2563/ide/plugins/com.nxp.mcuxpresso.tools.macosx_11.0.1.201907311258/tools/bin/../lib/gcc/arm-none-eabi/8.2.1/thumb/v6-m/nofp/libgcc.a
END GROUP
                0x0000000000000000                __base_PROGRAM_FLASH = 0x0
                0x0000000000000000                __base_Flash = 0x0
                0x0000000000020000                __top_PROGRAM_FLASH = 0x20000
                0x0000000000020000                __top_Flash = 0x20000
                0x000000001ffff000                __base_SRAM = 0x1ffff000
                0x000000001ffff000                __base_RAM = 0x1ffff000
                0x0000000020003000                __top_SRAM = 0x20003000
                0x0000000020003000                __top_RAM = 0x20003000

.text           0x0000000000000000     0x2978
 FILL mask 0xff
                0x0000000000000000                __vectors_start__ = ABSOLUTE (.)
 *(SORT_BY_ALIGNMENT(.isr_vector))
 .isr_vector    0x0000000000000000       0xc0 ./startup/startup_mkl25z4.o
                0x0000000000000000                __Vectors
                0x0000000000000000                g_pfnVectors
                0x00000000000000c0                . = ALIGN (0x4)
                0x00000000000000c0                __section_table_start = .
                0x00000000000000c0                __data_section_table = .
                0x00000000000000c0        0x4 LONG 0x2978 LOADADDR (.data)
                0x00000000000000c4        0x4 LONG 0x1ffff080 ADDR (.data)
                0x00000000000000c8        0x4 LONG 0x30 SIZEOF (.data)
                0x00000000000000cc                __data_section_table_end = .
                0x00000000000000cc                __bss_section_table = .
                0x00000000000000cc        0x4 LONG 0x1ffff0b0 ADDR (.bss)
                0x00000000000000d0        0x4 LONG 0xd8 SIZEOF (.bss)
                0x00000000000000d4                __bss_section_table_end = .
                0x00000000000000d4                __section_table_end = .
 *(SORT_BY_ALIGNMENT(.after_vectors*))
 .after_vectors.reset
                0x00000000000000d4       0x44 ./startup/startup_mkl25z4.o
                0x00000000000000d4                ResetISR
 .after_vectors
                0x0000000000000118      0x10c ./startup/startup_mkl25z4.o
                0x0000000000000118                NMI_Handler
                0x000000000000011c                SVC_Handler
                0x000000000000011e                PendSV_Handler
                0x0000000000000122                SPI1_DriverIRQHandler
                0x0000000000000122                LPTMR0_DriverIRQHandler
                0x0000000000000122                PIT_DriverIRQHandler
                0x0000000000000122                PORTA_DriverIRQHandler
                0x0000000000000122                Reserved39_DriverIRQHandler
                0x0000000000000122                DMA0_DriverIRQHandler
                0x0000000000000122                Reserved20_DriverIRQHandler
                0x0000000000000122                DMA3_DriverIRQHandler
                0x0000000000000122                UART0_DriverIRQHandler
                0x0000000000000122                Reserved45_DriverIRQHandler
                0x0000000000000122                I2C1_DriverIRQHandler
                0x0000000000000122                UART2_DriverIRQHandler
                0x0000000000000122                TPM1_DriverIRQHandler
                0x0000000000000122                RTC_DriverIRQHandler
                0x0000000000000122                DMA1_DriverIRQHandler
                0x0000000000000122                TPM2_DriverIRQHandler
                0x0000000000000122                I2C0_DriverIRQHandler
                0x0000000000000122                TSI0_DriverIRQHandler
                0x0000000000000122                RTC_Seconds_DriverIRQHandler
                0x0000000000000122                PORTD_DriverIRQHandler
                0x0000000000000122                DMA2_DriverIRQHandler
                0x0000000000000122                LLWU_DriverIRQHandler
                0x0000000000000122                MCG_DriverIRQHandler
                0x0000000000000122                CMP0_DriverIRQHandler
                0x0000000000000122                UART1_DriverIRQHandler
                0x0000000000000122                FTFA_DriverIRQHandler
                0x0000000000000122                IntDefaultHandler
                0x0000000000000122                USB0_DriverIRQHandler
                0x0000000000000122                DAC0_DriverIRQHandler
                0x0000000000000122                LVD_LVW_DriverIRQHandler
                0x0000000000000122                TPM0_DriverIRQHandler
                0x0000000000000122                ADC0_DriverIRQHandler
                0x0000000000000122                SPI0_DriverIRQHandler
                0x0000000000000124                DMA0_IRQHandler
                0x000000000000012c                DMA1_IRQHandler
                0x0000000000000134                DMA2_IRQHandler
                0x000000000000013c                DMA3_IRQHandler
                0x0000000000000144                Reserved20_IRQHandler
                0x000000000000014c                FTFA_IRQHandler
                0x0000000000000154                LVD_LVW_IRQHandler
                0x000000000000015c                LLWU_IRQHandler
                0x0000000000000164                I2C0_IRQHandler
                0x000000000000016c                I2C1_IRQHandler
                0x0000000000000174                SPI0_IRQHandler
                0x000000000000017c                SPI1_IRQHandler
                0x0000000000000184                UART0_IRQHandler
                0x000000000000018c                UART1_IRQHandler
                0x0000000000000194                UART2_IRQHandler
                0x000000000000019c                ADC0_IRQHandler
                0x00000000000001a4                CMP0_IRQHandler
                0x00000000000001ac                TPM0_IRQHandler
                0x00000000000001b4                TPM1_IRQHandler
                0x00000000000001bc                TPM2_IRQHandler
                0x00000000000001c4                RTC_IRQHandler
                0x00000000000001cc                RTC_Seconds_IRQHandler
                0x00000000000001d4                PIT_IRQHandler
                0x00000000000001dc                Reserved39_IRQHandler
                0x00000000000001e4                USB0_IRQHandler
                0x00000000000001ec                DAC0_IRQHandler
                0x00000000000001f4                TSI0_IRQHandler
                0x00000000000001fc                MCG_IRQHandler
                0x0000000000000204                LPTMR0_IRQHandler
                0x000000000000020c                Reserved45_IRQHandler
                0x0000000000000214                PORTA_IRQHandler
 .after_vectors.init_data
                0x0000000000000224       0x16 ./startup/startup_mkl25z4.o
                0x0000000000000224                data_init
 .after_vectors.init_bss
                0x000000000000023a       0x14 ./startup/startup_mkl25z4.o
                0x000000000000023a                bss_init
                0x0000000000000400                . = 0x400
 *fill*         0x000000000000024e      0x1b2 ff
                0x0000000000000400                PROVIDE (__FLASH_CONFIG_START__ = .)
 *(SORT_BY_ALIGNMENT(.FlashConfig))
 .FlashConfig   0x0000000000000400       0x10 ./startup/startup_mkl25z4.o
                0x0000000000000400                Flash_Config
                0x0000000000000410                PROVIDE (__FLASH_CONFIG_END__ = .)
                0x0000000000000001                ASSERT (! ((__FLASH_CONFIG_START__ == __FLASH_CONFIG_END__)), Linker Flash Config Support Enabled, but no .FlashConfig section provided within application)
 *(SORT_BY_ALIGNMENT(.text*))
 .text.initPortD
                0x0000000000000410       0x40 ./source/PES Project 4.o
                0x0000000000000410                initPortD
 .text.resetSysTick
                0x0000000000000450       0x24 ./source/PES Project 4.o
                0x0000000000000450                resetSysTick
 .text.startSysTick
                0x0000000000000474        0xc ./source/PES Project 4.o
                0x0000000000000474                startSysTick
 .text.Init_SysTick
                0x0000000000000480       0x28 ./source/PES Project 4.o
                0x0000000000000480                Init_SysTick
 .text.startup.main
                0x00000000000004a8      0x154 ./source/PES Project 4.o
                0x00000000000004a8                main
 .text.PORTD_IRQHandler
                0x00000000000005fc       0x44 ./source/PES Project 4.o
                0x00000000000005fc                PORTD_IRQHandler
 .text.SysTick_Handler
                0x0000000000000640       0x30 ./source/PES Project 4.o
                0x0000000000000640                SysTick_Handler
 .text.i2c_master_init
                0x0000000000000670       0x78 ./source/i2c.o
                0x0000000000000670                i2c_master_init
 .text.start    0x00000000000006e8      0x180 ./source/i2c.o
                0x00000000000006e8                start
 .text.read_temp
                0x0000000000000868      0x110 ./source/i2c.o
                0x0000000000000868                read_temp
 .text.Init_RGB_LEDs
                0x0000000000000978       0x94 ./source/ledControl.o
                0x0000000000000978                Init_RGB_LEDs
 .text.ledOff   0x0000000000000a0c       0x4c ./source/ledControl.o
                0x0000000000000a0c                ledOff
 .text.redLED   0x0000000000000a58       0x40 ./source/ledControl.o
                0x0000000000000a58                redLED
 .text.greenLED
                0x0000000000000a98       0x40 ./source/ledControl.o
                0x0000000000000a98                greenLED
 .text.blueLED  0x0000000000000ad8       0x3c ./source/ledControl.o
                0x0000000000000ad8                blueLED
 .text.log_message
                0x0000000000000b14       0x30 ./source/loggerFunctions.o
                0x0000000000000b14                log_message
 .text.HardFault_Handler
                0x0000000000000b44       0x2c ./source/semihost_hardfault.o
                0x0000000000000b44                HardFault_Handler
 .text.errorState
                0x0000000000000b70       0x50 ./source/stateFunctions.o
                0x0000000000000b70                errorState
 .text.tempAlertState
                0x0000000000000bc0       0x7c ./source/stateFunctions.o
                0x0000000000000bc0                tempAlertState
 .text.avgWaitState
                0x0000000000000c3c       0xec ./source/stateFunctions.o
                0x0000000000000c3c                avgWaitState
 .text.tempReadState
                0x0000000000000d28       0xbc ./source/stateFunctions.o
                0x0000000000000d28                tempReadState
 .text.endProgram
                0x0000000000000de4       0x3c ./source/stateFunctions.o
                0x0000000000000de4                endProgram
 .text.disconnectState
                0x0000000000000e20       0x34 ./source/stateFunctions.o
                0x0000000000000e20                disconnectState
 .text.SystemInit
                0x0000000000000e54       0x10 ./CMSIS/system_MKL25Z4.o
                0x0000000000000e54                SystemInit
 .text._initio  0x0000000000000e64       0x7c /Applications/MCUXpressoIDE_11.0.1_2563/ide/plugins/com.nxp.mcuxpresso.tools.macosx_11.0.1.201907311258/tools/bin/../lib/gcc/arm-none-eabi/8.2.1/../../../../arm-none-eabi/lib/thumb/v6-m/nofp/libcr_c.a(initio.o)
                0x0000000000000e64                _initio
 .text.__vfprintf
                0x0000000000000ee0      0xcd8 /Applications/MCUXpressoIDE_11.0.1_2563/ide/plugins/com.nxp.mcuxpresso.tools.macosx_11.0.1.201907311258/tools/bin/../lib/gcc/arm-none-eabi/8.2.1/../../../../arm-none-eabi/lib/thumb/v6-m/nofp/libcr_c.a(printf.o)
                0x0000000000000ee0                __vfprintf
 .text._vsnprintf
                0x0000000000001bb8       0x70 /Applications/MCUXpressoIDE_11.0.1_2563/ide/plugins/com.nxp.mcuxpresso.tools.macosx_11.0.1.201907311258/tools/bin/../lib/gcc/arm-none-eabi/8.2.1/../../../../arm-none-eabi/lib/thumb/v6-m/nofp/libcr_c.a(printf.o)
                0x0000000000001bb8                _vsnprintf
 .text._printf  0x0000000000001c28       0x50 /Applications/MCUXpressoIDE_11.0.1_2563/ide/plugins/com.nxp.mcuxpresso.tools.macosx_11.0.1.201907311258/tools/bin/../lib/gcc/arm-none-eabi/8.2.1/../../../../arm-none-eabi/lib/thumb/v6-m/nofp/libcr_c.a(printf.o)
                0x0000000000001c28                _printf
 .text.setvbuf  0x0000000000001c78       0x4c /Applications/MCUXpressoIDE_11.0.1_2563/ide/plugins/com.nxp.mcuxpresso.tools.macosx_11.0.1.201907311258/tools/bin/../lib/gcc/arm-none-eabi/8.2.1/../../../../arm-none-eabi/lib/thumb/v6-m/nofp/libcr_c.a(setvbuf.o)
                0x0000000000001c78                setvbuf
 .text.strlen   0x0000000000001cc4       0x58 /Applications/MCUXpressoIDE_11.0.1_2563/ide/plugins/com.nxp.mcuxpresso.tools.macosx_11.0.1.201907311258/tools/bin/../lib/gcc/arm-none-eabi/8.2.1/../../../../arm-none-eabi/lib/thumb/v6-m/nofp/libcr_c.a(strlen.o)
                0x0000000000001cc4                strlen
 .text._deferredlazyseek
                0x0000000000001d1c       0x40 /Applications/MCUXpressoIDE_11.0.1_2563/ide/plugins/com.nxp.mcuxpresso.tools.macosx_11.0.1.201907311258/tools/bin/../lib/gcc/arm-none-eabi/8.2.1/../../../../arm-none-eabi/lib/thumb/v6-m/nofp/libcr_c.a(_deferredlazyseek.o)
                0x0000000000001d1c                _deferredlazyseek
 .text.__flsbuf
                0x0000000000001d5c      0x14c /Applications/MCUXpressoIDE_11.0.1_2563/ide/plugins/com.nxp.mcuxpresso.tools.macosx_11.0.1.201907311258/tools/bin/../lib/gcc/arm-none-eabi/8.2.1/../../../../arm-none-eabi/lib/thumb/v6-m/nofp/libcr_c.a(_deferredlazyseek.o)
                0x0000000000001d5c                __flsbuf
 .text._fdopen  0x0000000000001ea8       0x74 /Applications/MCUXpressoIDE_11.0.1_2563/ide/plugins/com.nxp.mcuxpresso.tools.macosx_11.0.1.201907311258/tools/bin/../lib/gcc/arm-none-eabi/8.2.1/../../../../arm-none-eabi/lib/thumb/v6-m/nofp/libcr_c.a(_fdopen.o)
                0x0000000000001ea8                _fdopen
 .text._fflush  0x0000000000001f1c       0x5c /Applications/MCUXpressoIDE_11.0.1_2563/ide/plugins/com.nxp.mcuxpresso.tools.macosx_11.0.1.201907311258/tools/bin/../lib/gcc/arm-none-eabi/8.2.1/../../../../arm-none-eabi/lib/thumb/v6-m/nofp/libcr_c.a(_fflush.o)
                0x0000000000001f1c                _fflush
 .text._Cwritebuf
                0x0000000000001f78       0x68 /Applications/MCUXpressoIDE_11.0.1_2563/ide/plugins/com.nxp.mcuxpresso.tools.macosx_11.0.1.201907311258/tools/bin/../lib/gcc/arm-none-eabi/8.2.1/../../../../arm-none-eabi/lib/thumb/v6-m/nofp/libcr_c.a(_writebuf.o)
                0x0000000000001f78                _Cwritebuf
 .text.malloc   0x0000000000001fe0       0xcc /Applications/MCUXpressoIDE_11.0.1_2563/ide/plugins/com.nxp.mcuxpresso.tools.macosx_11.0.1.201907311258/tools/bin/../lib/gcc/arm-none-eabi/8.2.1/../../../../arm-none-eabi/lib/thumb/v6-m/nofp/libcr_c.a(alloc.o)
                0x0000000000001fe0                malloc
 .text._Csys_alloc
                0x00000000000020ac       0x20 /Applications/MCUXpressoIDE_11.0.1_2563/ide/plugins/com.nxp.mcuxpresso.tools.macosx_11.0.1.201907311258/tools/bin/../lib/gcc/arm-none-eabi/8.2.1/../../../../arm-none-eabi/lib/thumb/v6-m/nofp/libcr_c.a(alloc.o)
                0x00000000000020ac                _Csys_alloc
 .text.fclose   0x00000000000020cc       0x5c /Applications/MCUXpressoIDE_11.0.1_2563/ide/plugins/com.nxp.mcuxpresso.tools.macosx_11.0.1.201907311258/tools/bin/../lib/gcc/arm-none-eabi/8.2.1/../../../../arm-none-eabi/lib/thumb/v6-m/nofp/libcr_c.a(fclose.o)
                0x00000000000020cc                fclose
 .text.fflush   0x0000000000002128       0x44 /Applications/MCUXpressoIDE_11.0.1_2563/ide/plugins/com.nxp.mcuxpresso.tools.macosx_11.0.1.201907311258/tools/bin/../lib/gcc/arm-none-eabi/8.2.1/../../../../arm-none-eabi/lib/thumb/v6-m/nofp/libcr_c.a(fflush.o)
                0x0000000000002128                fflush
 .text.fseek    0x000000000000216c       0xf0 /Applications/MCUXpressoIDE_11.0.1_2563/ide/plugins/com.nxp.mcuxpresso.tools.macosx_11.0.1.201907311258/tools/bin/../lib/gcc/arm-none-eabi/8.2.1/../../../../arm-none-eabi/lib/thumb/v6-m/nofp/libcr_c.a(fseek.o)
                0x000000000000216c                fseek
 .text.ftell    0x000000000000225c       0x48 /Applications/MCUXpressoIDE_11.0.1_2563/ide/plugins/com.nxp.mcuxpresso.tools.macosx_11.0.1.201907311258/tools/bin/../lib/gcc/arm-none-eabi/8.2.1/../../../../arm-none-eabi/lib/thumb/v6-m/nofp/libcr_c.a(ftell.o)
                0x000000000000225c                ftell
 .text._sbrk    0x00000000000022a4       0x40 /Applications/MCUXpressoIDE_11.0.1_2563/ide/plugins/com.nxp.mcuxpresso.tools.macosx_11.0.1.201907311258/tools/bin/../lib/gcc/arm-none-eabi/8.2.1/../../../../arm-none-eabi/lib/thumb/v6-m/nofp/libcr_c.a(_cr_sbrk.o)
                0x00000000000022a4                _sbrk
 .text._do_fflush
                0x00000000000022e4       0x44 /Applications/MCUXpressoIDE_11.0.1_2563/ide/plugins/com.nxp.mcuxpresso.tools.macosx_11.0.1.201907311258/tools/bin/../lib/gcc/arm-none-eabi/8.2.1/../../../../arm-none-eabi/lib/thumb/v6-m/nofp/libcr_c.a(_do_fflush.o)
                0x00000000000022e4                _do_fflush
 .text.__check_heap_overflow
                0x0000000000002328       0x14 /Applications/MCUXpressoIDE_11.0.1_2563/ide/plugins/com.nxp.mcuxpresso.tools.macosx_11.0.1.201907311258/tools/bin/../lib/gcc/arm-none-eabi/8.2.1/../../../../arm-none-eabi/lib/thumb/v6-m/nofp/libcr_c.a(_cr_check_heap.o)
                0x0000000000002328                __check_heap_overflow
 .text.__sys_appexit
                0x000000000000233c        0xc /Applications/MCUXpressoIDE_11.0.1_2563/ide/plugins/com.nxp.mcuxpresso.tools.macosx_11.0.1.201907311258/tools/bin/../lib/gcc/arm-none-eabi/8.2.1/../../../../arm-none-eabi/lib/thumb/v6-m/nofp/libcr_semihost_nf.a(__sys_appexit.o)
                0x000000000000233c                __exit
                0x000000000000233c                __sys_appexit
 .text.__main   0x0000000000002348        0xc /Applications/MCUXpressoIDE_11.0.1_2563/ide/plugins/com.nxp.mcuxpresso.tools.macosx_11.0.1.201907311258/tools/bin/../lib/gcc/arm-none-eabi/8.2.1/../../../../arm-none-eabi/lib/thumb/v6-m/nofp/libcr_semihost_nf.a(_cr__main.o)
                0x0000000000002348                __main
                0x0000000000002348                __CR_SEMIHOST
 .text.no_fp_display
                0x0000000000002354        0x4 /Applications/MCUXpressoIDE_11.0.1_2563/ide/plugins/com.nxp.mcuxpresso.tools.macosx_11.0.1.201907311258/tools/bin/../lib/gcc/arm-none-eabi/8.2.1/../../../../arm-none-eabi/lib/thumb/v6-m/nofp/libcr_c.a(printf.o)
 .text.memset   0x0000000000002358        0x8 /Applications/MCUXpressoIDE_11.0.1_2563/ide/plugins/com.nxp.mcuxpresso.tools.macosx_11.0.1.201907311258/tools/bin/../lib/gcc/arm-none-eabi/8.2.1/../../../../arm-none-eabi/lib/thumb/v6-m/nofp/libcr_c.a(memset.o)
                0x0000000000002358                memset
 .text.free     0x0000000000002360       0x2c /Applications/MCUXpressoIDE_11.0.1_2563/ide/plugins/com.nxp.mcuxpresso.tools.macosx_11.0.1.201907311258/tools/bin/../lib/gcc/arm-none-eabi/8.2.1/../../../../arm-none-eabi/lib/thumb/v6-m/nofp/libcr_c.a(alloc.o)
                0x0000000000002360                free
 .text.remove   0x000000000000238c       0x12 /Applications/MCUXpressoIDE_11.0.1_2563/ide/plugins/com.nxp.mcuxpresso.tools.macosx_11.0.1.201907311258/tools/bin/../lib/gcc/arm-none-eabi/8.2.1/../../../../arm-none-eabi/lib/thumb/v6-m/nofp/libcr_c.a(remove.o)
                0x000000000000238c                remove
 .text.__aeabi_division_idivmod
                0x000000000000239e       0x78 /Applications/MCUXpressoIDE_11.0.1_2563/ide/plugins/com.nxp.mcuxpresso.tools.macosx_11.0.1.201907311258/tools/bin/../lib/gcc/arm-none-eabi/8.2.1/thumb/v6-m/nofp/libcr_eabihelpers.a(division_32.o)
                0x000000000000239e                __aeabi_idiv
                0x000000000000239e                __aeabi_idivmod
                0x00000000000023a4                __aeabi_uidiv
                0x00000000000023a4                __aeabi_uidivmod
 .text.__aeabi_division_idiv0
                0x0000000000002416        0x2 /Applications/MCUXpressoIDE_11.0.1_2563/ide/plugins/com.nxp.mcuxpresso.tools.macosx_11.0.1.201907311258/tools/bin/../lib/gcc/arm-none-eabi/8.2.1/thumb/v6-m/nofp/libcr_eabihelpers.a(division_idiv0.o)
                0x0000000000002416                __aeabi_idiv0
 .text.__aeabi_llong_lmul
                0x0000000000002418       0x2e /Applications/MCUXpressoIDE_11.0.1_2563/ide/plugins/com.nxp.mcuxpresso.tools.macosx_11.0.1.201907311258/tools/bin/../lib/gcc/arm-none-eabi/8.2.1/thumb/v6-m/nofp/libcr_eabihelpers.a(llong.o)
                0x0000000000002418                __aeabi_lmul
 .text.__aeabi_memset_lowlevel
                0x0000000000002446       0x2a /Applications/MCUXpressoIDE_11.0.1_2563/ide/plugins/com.nxp.mcuxpresso.tools.macosx_11.0.1.201907311258/tools/bin/../lib/gcc/arm-none-eabi/8.2.1/thumb/v6-m/nofp/libcr_eabihelpers.a(memcpy.o)
                0x0000000000002446                __aeabi_lowlevel_memset
 .text.__gnu_thumb1_case_uqi
                0x0000000000002470       0x10 /Applications/MCUXpressoIDE_11.0.1_2563/ide/plugins/com.nxp.mcuxpresso.tools.macosx_11.0.1.201907311258/tools/bin/../lib/gcc/arm-none-eabi/8.2.1/thumb/v6-m/nofp/libcr_eabihelpers.a(thumb1_switch_helpers.o)
                0x0000000000002470                __gnu_thumb1_case_uqi
 .text.__sys_close
                0x0000000000002480        0xc /Applications/MCUXpressoIDE_11.0.1_2563/ide/plugins/com.nxp.mcuxpresso.tools.macosx_11.0.1.201907311258/tools/bin/../lib/gcc/arm-none-eabi/8.2.1/../../../../arm-none-eabi/lib/thumb/v6-m/nofp/libcr_semihost_nf.a(__sys_close.o)
                0x0000000000002480                __sys_close
 .text.__sys_flen
                0x000000000000248c        0xc /Applications/MCUXpressoIDE_11.0.1_2563/ide/plugins/com.nxp.mcuxpresso.tools.macosx_11.0.1.201907311258/tools/bin/../lib/gcc/arm-none-eabi/8.2.1/../../../../arm-none-eabi/lib/thumb/v6-m/nofp/libcr_semihost_nf.a(__sys_flen.o)
                0x000000000000248c                __sys_flen
 .text.__sys_istty
                0x0000000000002498        0xc /Applications/MCUXpressoIDE_11.0.1_2563/ide/plugins/com.nxp.mcuxpresso.tools.macosx_11.0.1.201907311258/tools/bin/../lib/gcc/arm-none-eabi/8.2.1/../../../../arm-none-eabi/lib/thumb/v6-m/nofp/libcr_semihost_nf.a(__sys_istty.o)
                0x0000000000002498                __sys_istty
 .text.__sys_remove
                0x00000000000024a4        0xc /Applications/MCUXpressoIDE_11.0.1_2563/ide/plugins/com.nxp.mcuxpresso.tools.macosx_11.0.1.201907311258/tools/bin/../lib/gcc/arm-none-eabi/8.2.1/../../../../arm-none-eabi/lib/thumb/v6-m/nofp/libcr_semihost_nf.a(__sys_remove.o)
                0x00000000000024a4                __sys_remove
 .text.__sys_seek
                0x00000000000024b0        0xc /Applications/MCUXpressoIDE_11.0.1_2563/ide/plugins/com.nxp.mcuxpresso.tools.macosx_11.0.1.201907311258/tools/bin/../lib/gcc/arm-none-eabi/8.2.1/../../../../arm-none-eabi/lib/thumb/v6-m/nofp/libcr_semihost_nf.a(__sys_seek.o)
                0x00000000000024b0                __sys_seek
 .text.__sys_tmpnam
                0x00000000000024bc        0xc /Applications/MCUXpressoIDE_11.0.1_2563/ide/plugins/com.nxp.mcuxpresso.tools.macosx_11.0.1.201907311258/tools/bin/../lib/gcc/arm-none-eabi/8.2.1/../../../../arm-none-eabi/lib/thumb/v6-m/nofp/libcr_semihost_nf.a(__sys_tmpnam.o)
                0x00000000000024bc                __sys_tmpnam
 .text.__sys_write
                0x00000000000024c8        0xc /Applications/MCUXpressoIDE_11.0.1_2563/ide/plugins/com.nxp.mcuxpresso.tools.macosx_11.0.1.201907311258/tools/bin/../lib/gcc/arm-none-eabi/8.2.1/../../../../arm-none-eabi/lib/thumb/v6-m/nofp/libcr_semihost_nf.a(__sys_write.o)
                0x00000000000024c8                __sys_write
 *(SORT_BY_ALIGNMENT(.rodata) SORT_BY_ALIGNMENT(.rodata.*) SORT_BY_ALIGNMENT(.constdata) SORT_BY_ALIGNMENT(.constdata.*))
 .rodata.__num_Ciob_streams
                0x00000000000024d4        0x4 /Applications/MCUXpressoIDE_11.0.1_2563/ide/plugins/com.nxp.mcuxpresso.tools.macosx_11.0.1.201907311258/tools/bin/../lib/gcc/arm-none-eabi/8.2.1/../../../../arm-none-eabi/lib/thumb/v6-m/nofp/libcr_semihost_nf.a(__ciob.o)
                0x00000000000024d4                __num_Ciob_streams
 .rodata.PORTD_IRQHandler.str1.1
                0x00000000000024d8       0x4c ./source/PES Project 4.o
 .rodata.SysTick_Handler.str1.1
                0x0000000000002524       0x1f ./source/PES Project 4.o
 .rodata.__func__.5542
                0x0000000000002543        0x5 ./source/PES Project 4.o
 .rodata.main.str1.1
                0x0000000000002548       0x99 ./source/PES Project 4.o
 .rodata.__func__.4896
                0x00000000000025e1       0x10 ./source/i2c.o
 .rodata.__func__.4902
                0x00000000000025f1        0x6 ./source/i2c.o
 .rodata.__func__.4933
                0x00000000000025f7        0xa ./source/i2c.o
 .rodata.i2c_master_init.str1.1
                0x0000000000002601       0x1a ./source/i2c.o
 .rodata.read_temp.str1.1
                0x000000000000261b       0x2a ./source/i2c.o
 .rodata.start.str1.1
                0x0000000000002645       0x63 ./source/i2c.o
 .rodata.Init_RGB_LEDs.str1.1
                0x00000000000026a8       0x12 ./source/ledControl.o
 .rodata.__func__.4719
                0x00000000000026ba        0xe ./source/ledControl.o
 .rodata.__func__.4722
                0x00000000000026c8        0x7 ./source/ledControl.o
 .rodata.__func__.4725
                0x00000000000026cf        0x7 ./source/ledControl.o
 .rodata.__func__.4728
                0x00000000000026d6        0x9 ./source/ledControl.o
 .rodata.__func__.4731
                0x00000000000026df        0x8 ./source/ledControl.o
 .rodata.blueLED.str1.1
                0x00000000000026e7       0x14 ./source/ledControl.o
 .rodata.greenLED.str1.1
                0x00000000000026fb       0x15 ./source/ledControl.o
 .rodata.ledOff.str1.1
                0x0000000000002710       0x13 ./source/ledControl.o
 .rodata.redLED.str1.1
                0x0000000000002723       0x13 ./source/ledControl.o
 .rodata.log_message.str1.1
                0x0000000000002736       0x11 ./source/loggerFunctions.o
 .rodata.__func__.4990
                0x0000000000002747        0xb ./source/stateFunctions.o
 .rodata.__func__.4995
                0x0000000000002752        0xe ./source/stateFunctions.o
 .rodata.__func__.4999
                0x0000000000002760        0xf ./source/stateFunctions.o
 .rodata.__func__.5003
                0x000000000000276f        0xd ./source/stateFunctions.o
 .rodata.__func__.5010
                0x000000000000277c       0x10 ./source/stateFunctions.o
 .rodata.__func__.5014
                0x000000000000278c        0xb ./source/stateFunctions.o
 .rodata.avgWaitState.str1.1
                0x0000000000002797       0x7e ./source/stateFunctions.o
 .rodata.disconnectState.str1.1
                0x0000000000002815       0x2a ./source/stateFunctions.o
 .rodata.endProgram.str1.1
                0x000000000000283f       0x29 ./source/stateFunctions.o
 .rodata.errorState.str1.1
                0x0000000000002868       0x52 ./source/stateFunctions.o
 .rodata.tempAlertState.str1.1
                0x00000000000028ba       0x23 ./source/stateFunctions.o
 .rodata.tempReadState.str1.1
                0x00000000000028dd       0x47 ./source/stateFunctions.o
 .rodata._initio.str1.1
                0x0000000000002924        0x4 /Applications/MCUXpressoIDE_11.0.1_2563/ide/plugins/com.nxp.mcuxpresso.tools.macosx_11.0.1.201907311258/tools/bin/../lib/gcc/arm-none-eabi/8.2.1/../../../../arm-none-eabi/lib/thumb/v6-m/nofp/libcr_c.a(initio.o)
 .rodata.__vfprintf.str1.1
                0x0000000000002928       0x35 /Applications/MCUXpressoIDE_11.0.1_2563/ide/plugins/com.nxp.mcuxpresso.tools.macosx_11.0.1.201907311258/tools/bin/../lib/gcc/arm-none-eabi/8.2.1/../../../../arm-none-eabi/lib/thumb/v6-m/nofp/libcr_c.a(printf.o)
                                         0x38 (size before relaxing)
 .rodata._Csys_alloc.str1.1
                0x000000000000295d       0x18 /Applications/MCUXpressoIDE_11.0.1_2563/ide/plugins/com.nxp.mcuxpresso.tools.macosx_11.0.1.201907311258/tools/bin/../lib/gcc/arm-none-eabi/8.2.1/../../../../arm-none-eabi/lib/thumb/v6-m/nofp/libcr_c.a(alloc.o)
                0x0000000000002978                . = ALIGN (0x4)
 *fill*         0x0000000000002975        0x3 ff

.glue_7         0x0000000000002978        0x0
 .glue_7        0x0000000000002978        0x0 linker stubs

.glue_7t        0x0000000000002978        0x0
 .glue_7t       0x0000000000002978        0x0 linker stubs

.vfp11_veneer   0x0000000000002978        0x0
 .vfp11_veneer  0x0000000000002978        0x0 linker stubs

.v4_bx          0x0000000000002978        0x0
 .v4_bx         0x0000000000002978        0x0 linker stubs

.iplt           0x0000000000002978        0x0
 .iplt          0x0000000000002978        0x0 ./startup/startup_mkl25z4.o

.rel.dyn        0x0000000000002978        0x0
 .rel.iplt      0x0000000000002978        0x0 ./startup/startup_mkl25z4.o

.ARM.extab
 *(SORT_BY_ALIGNMENT(.ARM.extab*) SORT_BY_ALIGNMENT(.gnu.linkonce.armextab.*))
                0x0000000000002978                __exidx_start = .

.ARM.exidx
 *(SORT_BY_ALIGNMENT(.ARM.exidx*) SORT_BY_ALIGNMENT(.gnu.linkonce.armexidx.*))
                0x0000000000002978                __exidx_end = .
                0x0000000000002978                _etext = .

.m_usb_data
 *(SORT_BY_ALIGNMENT(m_usb_bdt))

.mtb_buffer_default
                0x000000001ffff000       0x80
 *(SORT_BY_ALIGNMENT(.mtb*))
 .mtb.$RAM1     0x000000001ffff000       0x80 ./source/mtb.o
                0x000000001ffff000                __mtb_buffer__

.uninit_RESERVED
                0x000000001ffff080        0x0
                0x000000001ffff080                . = ALIGN (0x4)
 *(SORT_BY_ALIGNMENT(.bss.$RESERVED*))
                0x000000001ffff080                . = ALIGN (0x4)
                0x000000001ffff080                _end_uninit_RESERVED = .

.data           0x000000001ffff080       0x30 load address 0x0000000000002978
 FILL mask 0xff
                0x000000001ffff080                _data = .
 *(SORT_BY_ALIGNMENT(vtable))
 *(SORT_BY_ALIGNMENT(.ramfunc*))
 *(SORT_BY_ALIGNMENT(CodeQuickAccess))
 *(SORT_BY_ALIGNMENT(DataQuickAccess))
 *(SORT_BY_ALIGNMENT(RamFunction))
 *(SORT_BY_ALIGNMENT(.data*))
 .data.state    0x000000001ffff080       0x14 ./source/stateFunctions.o
                0x000000001ffff080                state
 .data.alertAddressed
                0x000000001ffff094        0x1 ./source/stateFunctions.o
                0x000000001ffff094                alertAddressed
 .data.loggerEnable
                0x000000001ffff095        0x1 ./source/stateFunctions.o
                0x000000001ffff095                loggerEnable
 .data.stateTable
                0x000000001ffff096       0x19 ./source/stateFunctions.o
                0x000000001ffff096                stateTable
 .data.stateTableActivated
                0x000000001ffff0af        0x1 ./source/stateFunctions.o
                0x000000001ffff0af                stateTableActivated
                0x000000001ffff0b0                . = ALIGN (0x4)
                0x000000001ffff0b0                _edata = .

.igot.plt       0x000000001ffff0b0        0x0 load address 0x00000000000029a8
 .igot.plt      0x000000001ffff0b0        0x0 ./startup/startup_mkl25z4.o

.bss            0x000000001ffff0b0       0xd8 load address 0x00000000000029a8
                0x000000001ffff0b0                . = ALIGN (0x4)
                0x000000001ffff0b0                _bss = .
 *(SORT_BY_ALIGNMENT(.bss*))
 .bss.average   0x000000001ffff0b0        0x4 ./source/stateFunctions.o
                0x000000001ffff0b0                average
 .bss.sysTickCounter
                0x000000001ffff0b4        0x4 ./source/stateFunctions.o
                0x000000001ffff0b4                sysTickCounter
 .bss.tempSum   0x000000001ffff0b8        0x4 ./source/stateFunctions.o
                0x000000001ffff0b8                tempSum
 .bss.timeoutCounter
                0x000000001ffff0bc        0x4 ./source/stateFunctions.o
                0x000000001ffff0bc                timeoutCounter
 .bss.__end_of_heap
                0x000000001ffff0c0        0x4 /Applications/MCUXpressoIDE_11.0.1_2563/ide/plugins/com.nxp.mcuxpresso.tools.macosx_11.0.1.201907311258/tools/bin/../lib/gcc/arm-none-eabi/8.2.1/../../../../arm-none-eabi/lib/thumb/v6-m/nofp/libcr_c.a(__init_alloc.o)
                0x000000001ffff0c0                __end_of_heap
 .bss.__heaps   0x000000001ffff0c4        0x4 /Applications/MCUXpressoIDE_11.0.1_2563/ide/plugins/com.nxp.mcuxpresso.tools.macosx_11.0.1.201907311258/tools/bin/../lib/gcc/arm-none-eabi/8.2.1/../../../../arm-none-eabi/lib/thumb/v6-m/nofp/libcr_c.a(__init_alloc.o)
                0x000000001ffff0c4                __heaps
 .bss.errno     0x000000001ffff0c8        0x4 /Applications/MCUXpressoIDE_11.0.1_2563/ide/plugins/com.nxp.mcuxpresso.tools.macosx_11.0.1.201907311258/tools/bin/../lib/gcc/arm-none-eabi/8.2.1/../../../../arm-none-eabi/lib/thumb/v6-m/nofp/libcr_c.a(errno.o)
                0x000000001ffff0c8                errno
 .bss.__Ciob    0x000000001ffff0cc       0xb4 /Applications/MCUXpressoIDE_11.0.1_2563/ide/plugins/com.nxp.mcuxpresso.tools.macosx_11.0.1.201907311258/tools/bin/../lib/gcc/arm-none-eabi/8.2.1/../../../../arm-none-eabi/lib/thumb/v6-m/nofp/libcr_semihost_nf.a(__ciob.o)
                0x000000001ffff0cc                __Ciob
 .bss.tempR     0x000000001ffff180        0x2 ./source/stateFunctions.o
                0x000000001ffff180                tempR
 .bss.negative  0x000000001ffff182        0x1 ./source/i2c.o
                0x000000001ffff182                negative
 .bss.postCheck
                0x000000001ffff183        0x1 ./source/i2c.o
                0x000000001ffff183                postCheck
 .bss.setupOnce
                0x000000001ffff184        0x1 ./source/i2c.o
                0x000000001ffff184                setupOnce
 .bss.currentState
                0x000000001ffff185        0x1 ./source/stateFunctions.o
                0x000000001ffff185                currentState
 .bss.delayCompleted
                0x000000001ffff186        0x1 ./source/stateFunctions.o
                0x000000001ffff186                delayCompleted
 .bss.returnEvent
                0x000000001ffff187        0x1 ./source/stateFunctions.o
                0x000000001ffff187                returnEvent
 *(SORT_BY_ALIGNMENT(COMMON))
                0x000000001ffff188                . = ALIGN (0x4)
                0x000000001ffff188                _ebss = .
                [!provide]                        PROVIDE (end = .)

.noinit         0x000000001ffff188        0x0 load address 0x00000000000029a8
                0x000000001ffff188                . = ALIGN (0x4)
                0x000000001ffff188                _noinit = .
 *(SORT_BY_ALIGNMENT(.noinit*))
                0x000000001ffff188                . = ALIGN (0x4)
                0x000000001ffff188                _end_noinit = .
                0x0000000000000400                _HeapSize = 0x400

.heap           0x000000001ffff188      0x400 load address 0x00000000000029a8
                0x000000001ffff188                _pvHeapStart = .
                0x000000001ffff588                . = (. + _HeapSize)
 *fill*         0x000000001ffff188      0x400 
                0x000000001ffff588                . = ALIGN (0x4)
                0x000000001ffff588                _pvHeapLimit = .
                0x0000000000000400                _StackSize = 0x400

.heap2stackfill
                0x000000001ffff588      0x400 load address 0x00000000000029a8
                0x000000001ffff988                . = (. + _StackSize)
 *fill*         0x000000001ffff588      0x400 

.stack          0x0000000020002c00        0x0
                0x0000000020002c00                _vStackBase = .
                0x0000000020002c00                . = ALIGN (0x4)
                0x0000000020003000                _vStackTop = (. + _StackSize)
                0x0000000000000000                _image_start = LOADADDR (.text)
                0x00000000000029a8                _image_end = (LOADADDR (.data) + SIZEOF (.data))
                0x00000000000029a8                _image_size = (_image_end - _image_start)
OUTPUT(PES Project 4.axf elf32-littlearm)

.debug_info     0x0000000000000000     0x3bbe
 .debug_info    0x0000000000000000      0x69d ./startup/startup_mkl25z4.o
 .debug_info    0x000000000000069d      0xfb0 ./source/PES Project 4.o
 .debug_info    0x000000000000164d      0x8c5 ./source/i2c.o
 .debug_info    0x0000000000001f12      0x6b5 ./source/ledControl.o
 .debug_info    0x00000000000025c7      0x49f ./source/loggerFunctions.o
 .debug_info    0x0000000000002a66       0x4f ./source/mtb.o
 .debug_info    0x0000000000002ab5       0x38 ./source/semihost_hardfault.o
 .debug_info    0x0000000000002aed      0xc92 ./source/stateFunctions.o
 .debug_info    0x000000000000377f      0x43f ./CMSIS/system_MKL25Z4.o

.debug_abbrev   0x0000000000000000      0xd7a
 .debug_abbrev  0x0000000000000000      0x155 ./startup/startup_mkl25z4.o
 .debug_abbrev  0x0000000000000155      0x27a ./source/PES Project 4.o
 .debug_abbrev  0x00000000000003cf      0x1fb ./source/i2c.o
 .debug_abbrev  0x00000000000005ca      0x182 ./source/ledControl.o
 .debug_abbrev  0x000000000000074c      0x1bc ./source/loggerFunctions.o
 .debug_abbrev  0x0000000000000908       0x43 ./source/mtb.o
 .debug_abbrev  0x000000000000094b       0x2e ./source/semihost_hardfault.o
 .debug_abbrev  0x0000000000000979      0x2ab ./source/stateFunctions.o
 .debug_abbrev  0x0000000000000c24      0x156 ./CMSIS/system_MKL25Z4.o

.debug_loc      0x0000000000000000      0x590
 .debug_loc     0x0000000000000000      0x234 ./startup/startup_mkl25z4.o
 .debug_loc     0x0000000000000234       0x2d ./source/PES Project 4.o
 .debug_loc     0x0000000000000261       0x91 ./source/i2c.o
 .debug_loc     0x00000000000002f2      0x1d8 ./source/loggerFunctions.o
 .debug_loc     0x00000000000004ca       0xc6 ./CMSIS/system_MKL25Z4.o

.debug_aranges  0x0000000000000000      0x328
 .debug_aranges
                0x0000000000000000      0x160 ./startup/startup_mkl25z4.o
 .debug_aranges
                0x0000000000000160       0x50 ./source/PES Project 4.o
 .debug_aranges
                0x00000000000001b0       0x30 ./source/i2c.o
 .debug_aranges
                0x00000000000001e0       0x40 ./source/ledControl.o
 .debug_aranges
                0x0000000000000220       0x58 ./source/loggerFunctions.o
 .debug_aranges
                0x0000000000000278       0x18 ./source/mtb.o
 .debug_aranges
                0x0000000000000290       0x20 ./source/semihost_hardfault.o
 .debug_aranges
                0x00000000000002b0       0x50 ./source/stateFunctions.o
 .debug_aranges
                0x0000000000000300       0x28 ./CMSIS/system_MKL25Z4.o

.debug_ranges   0x0000000000000000      0x2c8
 .debug_ranges  0x0000000000000000      0x150 ./startup/startup_mkl25z4.o
 .debug_ranges  0x0000000000000150       0x60 ./source/PES Project 4.o
 .debug_ranges  0x00000000000001b0       0x20 ./source/i2c.o
 .debug_ranges  0x00000000000001d0       0x30 ./source/ledControl.o
 .debug_ranges  0x0000000000000200       0x60 ./source/loggerFunctions.o
 .debug_ranges  0x0000000000000260       0x10 ./source/semihost_hardfault.o
 .debug_ranges  0x0000000000000270       0x40 ./source/stateFunctions.o
 .debug_ranges  0x00000000000002b0       0x18 ./CMSIS/system_MKL25Z4.o

.debug_line     0x0000000000000000     0x1c26
 .debug_line    0x0000000000000000      0x378 ./startup/startup_mkl25z4.o
 .debug_line    0x0000000000000378      0x497 ./source/PES Project 4.o
 .debug_line    0x000000000000080f      0x5e8 ./source/i2c.o
 .debug_line    0x0000000000000df7      0x30f ./source/ledControl.o
 .debug_line    0x0000000000001106      0x2ea ./source/loggerFunctions.o
 .debug_line    0x00000000000013f0       0x30 ./source/mtb.o
 .debug_line    0x0000000000001420       0x5b ./source/semihost_hardfault.o
 .debug_line    0x000000000000147b      0x49c ./source/stateFunctions.o
 .debug_line    0x0000000000001917      0x30f ./CMSIS/system_MKL25Z4.o

.debug_str      0x0000000000000000     0x115f
 .debug_str     0x0000000000000000      0x4d4 ./startup/startup_mkl25z4.o
                                        0x4e7 (size before relaxing)
 .debug_str     0x00000000000004d4      0xa72 ./source/PES Project 4.o
                                        0xc18 (size before relaxing)
 .debug_str     0x0000000000000f46       0x52 ./source/i2c.o
                                        0x464 (size before relaxing)
 .debug_str     0x0000000000000f98       0x57 ./source/ledControl.o
                                        0x388 (size before relaxing)
 .debug_str     0x0000000000000fef       0xa5 ./source/loggerFunctions.o
                                        0x369 (size before relaxing)
 .debug_str     0x0000000000001094       0x1f ./source/mtb.o
                                        0x15f (size before relaxing)
 .debug_str     0x00000000000010b3       0x1f ./source/semihost_hardfault.o
                                        0x15f (size before relaxing)
 .debug_str     0x00000000000010d2       0x34 ./source/stateFunctions.o
                                        0x72b (size before relaxing)
 .debug_str     0x0000000000001106       0x59 ./CMSIS/system_MKL25Z4.o
                                        0x341 (size before relaxing)

.comment        0x0000000000000000       0x75
 .comment       0x0000000000000000       0x75 ./startup/startup_mkl25z4.o
                                         0x76 (size before relaxing)
 .comment       0x0000000000000075       0x76 ./source/PES Project 4.o
 .comment       0x0000000000000075       0x76 ./source/i2c.o
 .comment       0x0000000000000075       0x76 ./source/ledControl.o
 .comment       0x0000000000000075       0x76 ./source/loggerFunctions.o
 .comment       0x0000000000000075       0x76 ./source/mtb.o
 .comment       0x0000000000000075       0x76 ./source/semihost_hardfault.o
 .comment       0x0000000000000075       0x76 ./source/stateFunctions.o
 .comment       0x0000000000000075       0x76 ./CMSIS/system_MKL25Z4.o
 .comment       0x0000000000000075       0x76 /Applications/MCUXpressoIDE_11.0.1_2563/ide/plugins/com.nxp.mcuxpresso.tools.macosx_11.0.1.201907311258/tools/bin/../lib/gcc/arm-none-eabi/8.2.1/../../../../arm-none-eabi/lib/thumb/v6-m/nofp/libcr_semihost_nf.a(_cr__main.o)
 .comment       0x0000000000000075       0x76 /Applications/MCUXpressoIDE_11.0.1_2563/ide/plugins/com.nxp.mcuxpresso.tools.macosx_11.0.1.201907311258/tools/bin/../lib/gcc/arm-none-eabi/8.2.1/../../../../arm-none-eabi/lib/thumb/v6-m/nofp/libcr_c.a(initio.o)
 .comment       0x0000000000000075       0x76 /Applications/MCUXpressoIDE_11.0.1_2563/ide/plugins/com.nxp.mcuxpresso.tools.macosx_11.0.1.201907311258/tools/bin/../lib/gcc/arm-none-eabi/8.2.1/../../../../arm-none-eabi/lib/thumb/v6-m/nofp/libcr_c.a(printf.o)
 .comment       0x0000000000000075       0x76 /Applications/MCUXpressoIDE_11.0.1_2563/ide/plugins/com.nxp.mcuxpresso.tools.macosx_11.0.1.201907311258/tools/bin/../lib/gcc/arm-none-eabi/8.2.1/../../../../arm-none-eabi/lib/thumb/v6-m/nofp/libcr_c.a(setvbuf.o)
 .comment       0x0000000000000075       0x76 /Applications/MCUXpressoIDE_11.0.1_2563/ide/plugins/com.nxp.mcuxpresso.tools.macosx_11.0.1.201907311258/tools/bin/../lib/gcc/arm-none-eabi/8.2.1/../../../../arm-none-eabi/lib/thumb/v6-m/nofp/libcr_c.a(strlen.o)
 .comment       0x0000000000000075       0x76 /Applications/MCUXpressoIDE_11.0.1_2563/ide/plugins/com.nxp.mcuxpresso.tools.macosx_11.0.1.201907311258/tools/bin/../lib/gcc/arm-none-eabi/8.2.1/../../../../arm-none-eabi/lib/thumb/v6-m/nofp/libcr_c.a(memset.o)
 .comment       0x0000000000000075       0x76 /Applications/MCUXpressoIDE_11.0.1_2563/ide/plugins/com.nxp.mcuxpresso.tools.macosx_11.0.1.201907311258/tools/bin/../lib/gcc/arm-none-eabi/8.2.1/../../../../arm-none-eabi/lib/thumb/v6-m/nofp/libcr_c.a(_deferredlazyseek.o)
 .comment       0x0000000000000075       0x76 /Applications/MCUXpressoIDE_11.0.1_2563/ide/plugins/com.nxp.mcuxpresso.tools.macosx_11.0.1.201907311258/tools/bin/../lib/gcc/arm-none-eabi/8.2.1/../../../../arm-none-eabi/lib/thumb/v6-m/nofp/libcr_c.a(_fdopen.o)
 .comment       0x0000000000000075       0x76 /Applications/MCUXpressoIDE_11.0.1_2563/ide/plugins/com.nxp.mcuxpresso.tools.macosx_11.0.1.201907311258/tools/bin/../lib/gcc/arm-none-eabi/8.2.1/../../../../arm-none-eabi/lib/thumb/v6-m/nofp/libcr_c.a(_fflush.o)
 .comment       0x0000000000000075       0x76 /Applications/MCUXpressoIDE_11.0.1_2563/ide/plugins/com.nxp.mcuxpresso.tools.macosx_11.0.1.201907311258/tools/bin/../lib/gcc/arm-none-eabi/8.2.1/../../../../arm-none-eabi/lib/thumb/v6-m/nofp/libcr_c.a(_writebuf.o)
 .comment       0x0000000000000075       0x76 /Applications/MCUXpressoIDE_11.0.1_2563/ide/plugins/com.nxp.mcuxpresso.tools.macosx_11.0.1.201907311258/tools/bin/../lib/gcc/arm-none-eabi/8.2.1/../../../../arm-none-eabi/lib/thumb/v6-m/nofp/libcr_c.a(alloc.o)
 .comment       0x0000000000000075       0x76 /Applications/MCUXpressoIDE_11.0.1_2563/ide/plugins/com.nxp.mcuxpresso.tools.macosx_11.0.1.201907311258/tools/bin/../lib/gcc/arm-none-eabi/8.2.1/../../../../arm-none-eabi/lib/thumb/v6-m/nofp/libcr_c.a(fclose.o)
 .comment       0x0000000000000075       0x76 /Applications/MCUXpressoIDE_11.0.1_2563/ide/plugins/com.nxp.mcuxpresso.tools.macosx_11.0.1.201907311258/tools/bin/../lib/gcc/arm-none-eabi/8.2.1/../../../../arm-none-eabi/lib/thumb/v6-m/nofp/libcr_c.a(fflush.o)
 .comment       0x0000000000000075       0x76 /Applications/MCUXpressoIDE_11.0.1_2563/ide/plugins/com.nxp.mcuxpresso.tools.macosx_11.0.1.201907311258/tools/bin/../lib/gcc/arm-none-eabi/8.2.1/../../../../arm-none-eabi/lib/thumb/v6-m/nofp/libcr_c.a(fseek.o)
 .comment       0x0000000000000075       0x76 /Applications/MCUXpressoIDE_11.0.1_2563/ide/plugins/com.nxp.mcuxpresso.tools.macosx_11.0.1.201907311258/tools/bin/../lib/gcc/arm-none-eabi/8.2.1/../../../../arm-none-eabi/lib/thumb/v6-m/nofp/libcr_c.a(ftell.o)
 .comment       0x0000000000000075       0x76 /Applications/MCUXpressoIDE_11.0.1_2563/ide/plugins/com.nxp.mcuxpresso.tools.macosx_11.0.1.201907311258/tools/bin/../lib/gcc/arm-none-eabi/8.2.1/../../../../arm-none-eabi/lib/thumb/v6-m/nofp/libcr_c.a(remove.o)
 .comment       0x0000000000000075       0x76 /Applications/MCUXpressoIDE_11.0.1_2563/ide/plugins/com.nxp.mcuxpresso.tools.macosx_11.0.1.201907311258/tools/bin/../lib/gcc/arm-none-eabi/8.2.1/../../../../arm-none-eabi/lib/thumb/v6-m/nofp/libcr_c.a(__init_alloc.o)
 .comment       0x0000000000000075       0x76 /Applications/MCUXpressoIDE_11.0.1_2563/ide/plugins/com.nxp.mcuxpresso.tools.macosx_11.0.1.201907311258/tools/bin/../lib/gcc/arm-none-eabi/8.2.1/../../../../arm-none-eabi/lib/thumb/v6-m/nofp/libcr_c.a(_cr_sbrk.o)
 .comment       0x0000000000000075       0x76 /Applications/MCUXpressoIDE_11.0.1_2563/ide/plugins/com.nxp.mcuxpresso.tools.macosx_11.0.1.201907311258/tools/bin/../lib/gcc/arm-none-eabi/8.2.1/../../../../arm-none-eabi/lib/thumb/v6-m/nofp/libcr_c.a(_do_fflush.o)
 .comment       0x0000000000000075       0x76 /Applications/MCUXpressoIDE_11.0.1_2563/ide/plugins/com.nxp.mcuxpresso.tools.macosx_11.0.1.201907311258/tools/bin/../lib/gcc/arm-none-eabi/8.2.1/../../../../arm-none-eabi/lib/thumb/v6-m/nofp/libcr_c.a(errno.o)
 .comment       0x0000000000000075       0x76 /Applications/MCUXpressoIDE_11.0.1_2563/ide/plugins/com.nxp.mcuxpresso.tools.macosx_11.0.1.201907311258/tools/bin/../lib/gcc/arm-none-eabi/8.2.1/../../../../arm-none-eabi/lib/thumb/v6-m/nofp/libcr_c.a(_cr_check_heap.o)
 .comment       0x0000000000000075       0x76 /Applications/MCUXpressoIDE_11.0.1_2563/ide/plugins/com.nxp.mcuxpresso.tools.macosx_11.0.1.201907311258/tools/bin/../lib/gcc/arm-none-eabi/8.2.1/../../../../arm-none-eabi/lib/thumb/v6-m/nofp/libcr_semihost_nf.a(__ciob.o)

.ARM.attributes
                0x0000000000000000       0x2a
 .ARM.attributes
                0x0000000000000000       0x2c ./startup/startup_mkl25z4.o
 .ARM.attributes
                0x000000000000002c       0x2c ./source/PES Project 4.o
 .ARM.attributes
                0x0000000000000058       0x2c ./source/i2c.o
 .ARM.attributes
                0x0000000000000084       0x2c ./source/ledControl.o
 .ARM.attributes
                0x00000000000000b0       0x2c ./source/loggerFunctions.o
 .ARM.attributes
                0x00000000000000dc       0x32 ./source/mtb.o
 .ARM.attributes
                0x000000000000010e       0x2c ./source/semihost_hardfault.o
 .ARM.attributes
                0x000000000000013a       0x2c ./source/stateFunctions.o
 .ARM.attributes
                0x0000000000000166       0x2c ./CMSIS/system_MKL25Z4.o
 .ARM.attributes
                0x0000000000000192       0x2c /Applications/MCUXpressoIDE_11.0.1_2563/ide/plugins/com.nxp.mcuxpresso.tools.macosx_11.0.1.201907311258/tools/bin/../lib/gcc/arm-none-eabi/8.2.1/../../../../arm-none-eabi/lib/thumb/v6-m/nofp/libcr_semihost_nf.a(_cr__main.o)
 .ARM.attributes
                0x00000000000001be       0x2c /Applications/MCUXpressoIDE_11.0.1_2563/ide/plugins/com.nxp.mcuxpresso.tools.macosx_11.0.1.201907311258/tools/bin/../lib/gcc/arm-none-eabi/8.2.1/../../../../arm-none-eabi/lib/thumb/v6-m/nofp/libcr_c.a(initio.o)
 .ARM.attributes
                0x00000000000001ea       0x2c /Applications/MCUXpressoIDE_11.0.1_2563/ide/plugins/com.nxp.mcuxpresso.tools.macosx_11.0.1.201907311258/tools/bin/../lib/gcc/arm-none-eabi/8.2.1/../../../../arm-none-eabi/lib/thumb/v6-m/nofp/libcr_c.a(printf.o)
 .ARM.attributes
                0x0000000000000216       0x2c /Applications/MCUXpressoIDE_11.0.1_2563/ide/plugins/com.nxp.mcuxpresso.tools.macosx_11.0.1.201907311258/tools/bin/../lib/gcc/arm-none-eabi/8.2.1/../../../../arm-none-eabi/lib/thumb/v6-m/nofp/libcr_c.a(setvbuf.o)
 .ARM.attributes
                0x0000000000000242       0x2c /Applications/MCUXpressoIDE_11.0.1_2563/ide/plugins/com.nxp.mcuxpresso.tools.macosx_11.0.1.201907311258/tools/bin/../lib/gcc/arm-none-eabi/8.2.1/../../../../arm-none-eabi/lib/thumb/v6-m/nofp/libcr_c.a(strlen.o)
 .ARM.attributes
                0x000000000000026e       0x2c /Applications/MCUXpressoIDE_11.0.1_2563/ide/plugins/com.nxp.mcuxpresso.tools.macosx_11.0.1.201907311258/tools/bin/../lib/gcc/arm-none-eabi/8.2.1/../../../../arm-none-eabi/lib/thumb/v6-m/nofp/libcr_c.a(memset.o)
 .ARM.attributes
                0x000000000000029a       0x2c /Applications/MCUXpressoIDE_11.0.1_2563/ide/plugins/com.nxp.mcuxpresso.tools.macosx_11.0.1.201907311258/tools/bin/../lib/gcc/arm-none-eabi/8.2.1/../../../../arm-none-eabi/lib/thumb/v6-m/nofp/libcr_c.a(_deferredlazyseek.o)
 .ARM.attributes
                0x00000000000002c6       0x2c /Applications/MCUXpressoIDE_11.0.1_2563/ide/plugins/com.nxp.mcuxpresso.tools.macosx_11.0.1.201907311258/tools/bin/../lib/gcc/arm-none-eabi/8.2.1/../../../../arm-none-eabi/lib/thumb/v6-m/nofp/libcr_c.a(_fdopen.o)
 .ARM.attributes
                0x00000000000002f2       0x2c /Applications/MCUXpressoIDE_11.0.1_2563/ide/plugins/com.nxp.mcuxpresso.tools.macosx_11.0.1.201907311258/tools/bin/../lib/gcc/arm-none-eabi/8.2.1/../../../../arm-none-eabi/lib/thumb/v6-m/nofp/libcr_c.a(_fflush.o)
 .ARM.attributes
                0x000000000000031e       0x2c /Applications/MCUXpressoIDE_11.0.1_2563/ide/plugins/com.nxp.mcuxpresso.tools.macosx_11.0.1.201907311258/tools/bin/../lib/gcc/arm-none-eabi/8.2.1/../../../../arm-none-eabi/lib/thumb/v6-m/nofp/libcr_c.a(_writebuf.o)
 .ARM.attributes
                0x000000000000034a       0x2c /Applications/MCUXpressoIDE_11.0.1_2563/ide/plugins/com.nxp.mcuxpresso.tools.macosx_11.0.1.201907311258/tools/bin/../lib/gcc/arm-none-eabi/8.2.1/../../../../arm-none-eabi/lib/thumb/v6-m/nofp/libcr_c.a(alloc.o)
 .ARM.attributes
                0x0000000000000376       0x2c /Applications/MCUXpressoIDE_11.0.1_2563/ide/plugins/com.nxp.mcuxpresso.tools.macosx_11.0.1.201907311258/tools/bin/../lib/gcc/arm-none-eabi/8.2.1/../../../../arm-none-eabi/lib/thumb/v6-m/nofp/libcr_c.a(fclose.o)
 .ARM.attributes
                0x00000000000003a2       0x2c /Applications/MCUXpressoIDE_11.0.1_2563/ide/plugins/com.nxp.mcuxpresso.tools.macosx_11.0.1.201907311258/tools/bin/../lib/gcc/arm-none-eabi/8.2.1/../../../../arm-none-eabi/lib/thumb/v6-m/nofp/libcr_c.a(fflush.o)
 .ARM.attributes
                0x00000000000003ce       0x2c /Applications/MCUXpressoIDE_11.0.1_2563/ide/plugins/com.nxp.mcuxpresso.tools.macosx_11.0.1.201907311258/tools/bin/../lib/gcc/arm-none-eabi/8.2.1/../../../../arm-none-eabi/lib/thumb/v6-m/nofp/libcr_c.a(fseek.o)
 .ARM.attributes
                0x00000000000003fa       0x2c /Applications/MCUXpressoIDE_11.0.1_2563/ide/plugins/com.nxp.mcuxpresso.tools.macosx_11.0.1.201907311258/tools/bin/../lib/gcc/arm-none-eabi/8.2.1/../../../../arm-none-eabi/lib/thumb/v6-m/nofp/libcr_c.a(ftell.o)
 .ARM.attributes
                0x0000000000000426       0x2c /Applications/MCUXpressoIDE_11.0.1_2563/ide/plugins/com.nxp.mcuxpresso.tools.macosx_11.0.1.201907311258/tools/bin/../lib/gcc/arm-none-eabi/8.2.1/../../../../arm-none-eabi/lib/thumb/v6-m/nofp/libcr_c.a(remove.o)
 .ARM.attributes
                0x0000000000000452       0x2c /Applications/MCUXpressoIDE_11.0.1_2563/ide/plugins/com.nxp.mcuxpresso.tools.macosx_11.0.1.201907311258/tools/bin/../lib/gcc/arm-none-eabi/8.2.1/../../../../arm-none-eabi/lib/thumb/v6-m/nofp/libcr_c.a(__init_alloc.o)
 .ARM.attributes
                0x000000000000047e       0x2c /Applications/MCUXpressoIDE_11.0.1_2563/ide/plugins/com.nxp.mcuxpresso.tools.macosx_11.0.1.201907311258/tools/bin/../lib/gcc/arm-none-eabi/8.2.1/../../../../arm-none-eabi/lib/thumb/v6-m/nofp/libcr_c.a(_cr_sbrk.o)
 .ARM.attributes
                0x00000000000004aa       0x2c /Applications/MCUXpressoIDE_11.0.1_2563/ide/plugins/com.nxp.mcuxpresso.tools.macosx_11.0.1.201907311258/tools/bin/../lib/gcc/arm-none-eabi/8.2.1/../../../../arm-none-eabi/lib/thumb/v6-m/nofp/libcr_c.a(_do_fflush.o)
 .ARM.attributes
                0x00000000000004d6       0x31 /Applications/MCUXpressoIDE_11.0.1_2563/ide/plugins/com.nxp.mcuxpresso.tools.macosx_11.0.1.201907311258/tools/bin/../lib/gcc/arm-none-eabi/8.2.1/../../../../arm-none-eabi/lib/thumb/v6-m/nofp/libcr_c.a(errno.o)
 .ARM.attributes
                0x0000000000000507       0x2c /Applications/MCUXpressoIDE_11.0.1_2563/ide/plugins/com.nxp.mcuxpresso.tools.macosx_11.0.1.201907311258/tools/bin/../lib/gcc/arm-none-eabi/8.2.1/../../../../arm-none-eabi/lib/thumb/v6-m/nofp/libcr_c.a(_cr_check_heap.o)
 .ARM.attributes
                0x0000000000000533       0x1c /Applications/MCUXpressoIDE_11.0.1_2563/ide/plugins/com.nxp.mcuxpresso.tools.macosx_11.0.1.201907311258/tools/bin/../lib/gcc/arm-none-eabi/8.2.1/thumb/v6-m/nofp/libcr_eabihelpers.a(division_32.o)
 .ARM.attributes
                0x000000000000054f       0x1c /Applications/MCUXpressoIDE_11.0.1_2563/ide/plugins/com.nxp.mcuxpresso.tools.macosx_11.0.1.201907311258/tools/bin/../lib/gcc/arm-none-eabi/8.2.1/thumb/v6-m/nofp/libcr_eabihelpers.a(division_idiv0.o)
 .ARM.attributes
                0x000000000000056b       0x1c /Applications/MCUXpressoIDE_11.0.1_2563/ide/plugins/com.nxp.mcuxpresso.tools.macosx_11.0.1.201907311258/tools/bin/../lib/gcc/arm-none-eabi/8.2.1/thumb/v6-m/nofp/libcr_eabihelpers.a(llong.o)
 .ARM.attributes
                0x0000000000000587       0x1c /Applications/MCUXpressoIDE_11.0.1_2563/ide/plugins/com.nxp.mcuxpresso.tools.macosx_11.0.1.201907311258/tools/bin/../lib/gcc/arm-none-eabi/8.2.1/thumb/v6-m/nofp/libcr_eabihelpers.a(memcpy.o)
 .ARM.attributes
                0x00000000000005a3       0x1c /Applications/MCUXpressoIDE_11.0.1_2563/ide/plugins/com.nxp.mcuxpresso.tools.macosx_11.0.1.201907311258/tools/bin/../lib/gcc/arm-none-eabi/8.2.1/thumb/v6-m/nofp/libcr_eabihelpers.a(thumb1_switch_helpers.o)
 .ARM.attributes
                0x00000000000005bf       0x31 /Applications/MCUXpressoIDE_11.0.1_2563/ide/plugins/com.nxp.mcuxpresso.tools.macosx_11.0.1.201907311258/tools/bin/../lib/gcc/arm-none-eabi/8.2.1/../../../../arm-none-eabi/lib/thumb/v6-m/nofp/libcr_semihost_nf.a(__ciob.o)
 .ARM.attributes
                0x00000000000005f0       0x1c /Applications/MCUXpressoIDE_11.0.1_2563/ide/plugins/com.nxp.mcuxpresso.tools.macosx_11.0.1.201907311258/tools/bin/../lib/gcc/arm-none-eabi/8.2.1/../../../../arm-none-eabi/lib/thumb/v6-m/nofp/libcr_semihost_nf.a(__sys_appexit.o)
 .ARM.attributes
                0x000000000000060c       0x1c /Applications/MCUXpressoIDE_11.0.1_2563/ide/plugins/com.nxp.mcuxpresso.tools.macosx_11.0.1.201907311258/tools/bin/../lib/gcc/arm-none-eabi/8.2.1/../../../../arm-none-eabi/lib/thumb/v6-m/nofp/libcr_semihost_nf.a(__sys_close.o)
 .ARM.attributes
                0x0000000000000628       0x1c /Applications/MCUXpressoIDE_11.0.1_2563/ide/plugins/com.nxp.mcuxpresso.tools.macosx_11.0.1.201907311258/tools/bin/../lib/gcc/arm-none-eabi/8.2.1/../../../../arm-none-eabi/lib/thumb/v6-m/nofp/libcr_semihost_nf.a(__sys_flen.o)
 .ARM.attributes
                0x0000000000000644       0x1c /Applications/MCUXpressoIDE_11.0.1_2563/ide/plugins/com.nxp.mcuxpresso.tools.macosx_11.0.1.201907311258/tools/bin/../lib/gcc/arm-none-eabi/8.2.1/../../../../arm-none-eabi/lib/thumb/v6-m/nofp/libcr_semihost_nf.a(__sys_istty.o)
 .ARM.attributes
                0x0000000000000660       0x1c /Applications/MCUXpressoIDE_11.0.1_2563/ide/plugins/com.nxp.mcuxpresso.tools.macosx_11.0.1.201907311258/tools/bin/../lib/gcc/arm-none-eabi/8.2.1/../../../../arm-none-eabi/lib/thumb/v6-m/nofp/libcr_semihost_nf.a(__sys_remove.o)
 .ARM.attributes
                0x000000000000067c       0x1c /Applications/MCUXpressoIDE_11.0.1_2563/ide/plugins/com.nxp.mcuxpresso.tools.macosx_11.0.1.201907311258/tools/bin/../lib/gcc/arm-none-eabi/8.2.1/../../../../arm-none-eabi/lib/thumb/v6-m/nofp/libcr_semihost_nf.a(__sys_seek.o)
 .ARM.attributes
                0x0000000000000698       0x1c /Applications/MCUXpressoIDE_11.0.1_2563/ide/plugins/com.nxp.mcuxpresso.tools.macosx_11.0.1.201907311258/tools/bin/../lib/gcc/arm-none-eabi/8.2.1/../../../../arm-none-eabi/lib/thumb/v6-m/nofp/libcr_semihost_nf.a(__sys_tmpnam.o)
 .ARM.attributes
                0x00000000000006b4       0x1c /Applications/MCUXpressoIDE_11.0.1_2563/ide/plugins/com.nxp.mcuxpresso.tools.macosx_11.0.1.201907311258/tools/bin/../lib/gcc/arm-none-eabi/8.2.1/../../../../arm-none-eabi/lib/thumb/v6-m/nofp/libcr_semihost_nf.a(__sys_write.o)

.debug_frame    0x0000000000000000      0x748
 .debug_frame   0x0000000000000000      0x3bc ./startup/startup_mkl25z4.o
 .debug_frame   0x00000000000003bc       0xa0 ./source/PES Project 4.o
 .debug_frame   0x000000000000045c       0x68 ./source/i2c.o
 .debug_frame   0x00000000000004c4       0x9c ./source/ledControl.o
 .debug_frame   0x0000000000000560       0xc4 ./source/loggerFunctions.o
 .debug_frame   0x0000000000000624       0x20 ./source/semihost_hardfault.o
 .debug_frame   0x0000000000000644       0xc8 ./source/stateFunctions.o
 .debug_frame   0x000000000000070c       0x3c ./CMSIS/system_MKL25Z4.o

Cross Reference Table

Symbol                                            File
ADC0_DriverIRQHandler                             ./startup/startup_mkl25z4.o
ADC0_IRQHandler                                   ./startup/startup_mkl25z4.o
BOARD_BootClockRUN                                ./board/clock_config.o
BOARD_BootClockVLPR                               ./board/clock_config.o
BOARD_InitDebugConsole                            ./board/board.o
BOARD_InitPins                                    ./board/pin_mux.o
CLOCK_BootToBlpiMode                              ./board/clock_config.o
CLOCK_BootToPeeMode                               ./board/clock_config.o
CLOCK_GetPllFllSelClkFreq                         ./board/board.o
CLOCK_InitOsc0                                    ./board/clock_config.o
CLOCK_SetInternalRefClkConfig                     ./board/clock_config.o
CLOCK_SetSimConfig                                ./board/clock_config.o
CMP0_DriverIRQHandler                             ./startup/startup_mkl25z4.o
CMP0_IRQHandler                                   ./startup/startup_mkl25z4.o
DAC0_DriverIRQHandler                             ./startup/startup_mkl25z4.o
DAC0_IRQHandler                                   ./startup/startup_mkl25z4.o
DMA0_DriverIRQHandler                             ./startup/startup_mkl25z4.o
DMA0_IRQHandler                                   ./startup/startup_mkl25z4.o
DMA1_DriverIRQHandler                             ./startup/startup_mkl25z4.o
DMA1_IRQHandler                                   ./startup/startup_mkl25z4.o
DMA2_DriverIRQHandler                             ./startup/startup_mkl25z4.o
DMA2_IRQHandler                                   ./startup/startup_mkl25z4.o
DMA3_DriverIRQHandler                             ./startup/startup_mkl25z4.o
DMA3_IRQHandler                                   ./startup/startup_mkl25z4.o
DbgConsole_Init                                   ./board/board.o
FTFA_DriverIRQHandler                             ./startup/startup_mkl25z4.o
FTFA_IRQHandler                                   ./startup/startup_mkl25z4.o
Flash_Config                                      ./startup/startup_mkl25z4.o
HardFault_Handler                                 ./source/semihost_hardfault.o
                                                  ./startup/startup_mkl25z4.o
I2C0_DriverIRQHandler                             ./startup/startup_mkl25z4.o
I2C0_IRQHandler                                   ./startup/startup_mkl25z4.o
I2C1_DriverIRQHandler                             ./startup/startup_mkl25z4.o
I2C1_IRQHandler                                   ./startup/startup_mkl25z4.o
Init_RGB_LEDs                                     ./source/ledControl.o
                                                  ./source/PES Project 4.o
Init_SysTick                                      ./source/PES Project 4.o
IntDefaultHandler                                 ./startup/startup_mkl25z4.o
LLWU_DriverIRQHandler                             ./startup/startup_mkl25z4.o
LLWU_IRQHandler                                   ./startup/startup_mkl25z4.o
LPTMR0_DriverIRQHandler                           ./startup/startup_mkl25z4.o
LPTMR0_IRQHandler                                 ./startup/startup_mkl25z4.o
LVD_LVW_DriverIRQHandler                          ./startup/startup_mkl25z4.o
LVD_LVW_IRQHandler                                ./startup/startup_mkl25z4.o
MCG_DriverIRQHandler                              ./startup/startup_mkl25z4.o
MCG_IRQHandler                                    ./startup/startup_mkl25z4.o
NMI_Handler                                       ./startup/startup_mkl25z4.o
PIT_DriverIRQHandler                              ./startup/startup_mkl25z4.o
PIT_IRQHandler                                    ./startup/startup_mkl25z4.o
PORTA_DriverIRQHandler                            ./startup/startup_mkl25z4.o
PORTA_IRQHandler                                  ./startup/startup_mkl25z4.o
PORTD_DriverIRQHandler                            ./startup/startup_mkl25z4.o
PORTD_IRQHandler                                  ./source/PES Project 4.o
                                                  ./startup/startup_mkl25z4.o
PendSV_Handler                                    ./startup/startup_mkl25z4.o
RTC_DriverIRQHandler                              ./startup/startup_mkl25z4.o
RTC_IRQHandler                                    ./startup/startup_mkl25z4.o
RTC_Seconds_DriverIRQHandler                      ./startup/startup_mkl25z4.o
RTC_Seconds_IRQHandler                            ./startup/startup_mkl25z4.o
Reserved20_DriverIRQHandler                       ./startup/startup_mkl25z4.o
Reserved20_IRQHandler                             ./startup/startup_mkl25z4.o
Reserved39_DriverIRQHandler                       ./startup/startup_mkl25z4.o
Reserved39_IRQHandler                             ./startup/startup_mkl25z4.o
Reserved45_DriverIRQHandler                       ./startup/startup_mkl25z4.o
Reserved45_IRQHandler                             ./startup/startup_mkl25z4.o
ResetISR                                          ./startup/startup_mkl25z4.o
SMC_SetPowerModeVlpr                              ./board/clock_config.o
SPI0_DriverIRQHandler                             ./startup/startup_mkl25z4.o
SPI0_IRQHandler                                   ./startup/startup_mkl25z4.o
SPI1_DriverIRQHandler                             ./startup/startup_mkl25z4.o
SPI1_IRQHandler                                   ./startup/startup_mkl25z4.o
SVC_Handler                                       ./startup/startup_mkl25z4.o
SysTick_Handler                                   ./source/PES Project 4.o
                                                  ./startup/startup_mkl25z4.o
SystemCoreClock                                   ./CMSIS/system_MKL25Z4.o
                                                  ./board/clock_config.o
SystemCoreClockUpdate                             ./CMSIS/system_MKL25Z4.o
SystemInit                                        ./CMSIS/system_MKL25Z4.o
                                                  ./startup/startup_mkl25z4.o
System_Init                                       ./source/System.o
                                                  ./source/unitTest.o
System_Recover                                    ./source/System.o
System_Safestate                                  ./source/System.o
System_Shutdown                                   ./source/System.o
                                                  ./source/unitTest.o
System_WriteInt                                   ./source/System.o
                                                  ./source/unitTest.o
System_WriteString                                ./source/System.o
                                                  ./source/unitTest.o
System_exit                                       ./source/System.o
TPM0_DriverIRQHandler                             ./startup/startup_mkl25z4.o
TPM0_IRQHandler                                   ./startup/startup_mkl25z4.o
TPM1_DriverIRQHandler                             ./startup/startup_mkl25z4.o
TPM1_IRQHandler                                   ./startup/startup_mkl25z4.o
TPM2_DriverIRQHandler                             ./startup/startup_mkl25z4.o
TPM2_IRQHandler                                   ./startup/startup_mkl25z4.o
TSI0_DriverIRQHandler                             ./startup/startup_mkl25z4.o
TSI0_IRQHandler                                   ./startup/startup_mkl25z4.o
UART0_DriverIRQHandler                            ./startup/startup_mkl25z4.o
UART0_IRQHandler                                  ./startup/startup_mkl25z4.o
UART1_DriverIRQHandler                            ./startup/startup_mkl25z4.o
UART1_IRQHandler                                  ./startup/startup_mkl25z4.o
UART2_DriverIRQHandler                            ./startup/startup_mkl25z4.o
UART2_IRQHandler                                  ./startup/startup_mkl25z4.o
USB0_DriverIRQHandler                             ./startup/startup_mkl25z4.o
USB0_IRQHandler                                   ./startup/startup_mkl25z4.o
_Csys_alloc                                       /Applications/MCUXpressoIDE_11.0.1_2563/ide/plugins/com.nxp.mcuxpresso.tools.macosx_11.0.1.201907311258/tools/bin/../lib/gcc/arm-none-eabi/8.2.1/../../../../arm-none-eabi/lib/thumb/v6-m/nofp/libcr_c.a(alloc.o)
                                                  /Applications/MCUXpressoIDE_11.0.1_2563/ide/plugins/com.nxp.mcuxpresso.tools.macosx_11.0.1.201907311258/tools/bin/../lib/gcc/arm-none-eabi/8.2.1/../../../../arm-none-eabi/lib/thumb/v6-m/nofp/libcr_c.a(_deferredlazyseek.o)
_Cwritebuf                                        /Applications/MCUXpressoIDE_11.0.1_2563/ide/plugins/com.nxp.mcuxpresso.tools.macosx_11.0.1.201907311258/tools/bin/../lib/gcc/arm-none-eabi/8.2.1/../../../../arm-none-eabi/lib/thumb/v6-m/nofp/libcr_c.a(_writebuf.o)
                                                  /Applications/MCUXpressoIDE_11.0.1_2563/ide/plugins/com.nxp.mcuxpresso.tools.macosx_11.0.1.201907311258/tools/bin/../lib/gcc/arm-none-eabi/8.2.1/../../../../arm-none-eabi/lib/thumb/v6-m/nofp/libcr_c.a(_fflush.o)
                                                  /Applications/MCUXpressoIDE_11.0.1_2563/ide/plugins/com.nxp.mcuxpresso.tools.macosx_11.0.1.201907311258/tools/bin/../lib/gcc/arm-none-eabi/8.2.1/../../../../arm-none-eabi/lib/thumb/v6-m/nofp/libcr_c.a(_deferredlazyseek.o)
__CR_SEMIHOST                                     /Applications/MCUXpressoIDE_11.0.1_2563/ide/plugins/com.nxp.mcuxpresso.tools.macosx_11.0.1.201907311258/tools/bin/../lib/gcc/arm-none-eabi/8.2.1/../../../../arm-none-eabi/lib/thumb/v6-m/nofp/libcr_semihost_nf.a(_cr__main.o)
__Ciob                                            /Applications/MCUXpressoIDE_11.0.1_2563/ide/plugins/com.nxp.mcuxpresso.tools.macosx_11.0.1.201907311258/tools/bin/../lib/gcc/arm-none-eabi/8.2.1/../../../../arm-none-eabi/lib/thumb/v6-m/nofp/libcr_semihost_nf.a(__ciob.o)
                                                  /Applications/MCUXpressoIDE_11.0.1_2563/ide/plugins/com.nxp.mcuxpresso.tools.macosx_11.0.1.201907311258/tools/bin/../lib/gcc/arm-none-eabi/8.2.1/../../../../arm-none-eabi/lib/thumb/v6-m/nofp/libcr_c.a(fflush.o)
                                                  /Applications/MCUXpressoIDE_11.0.1_2563/ide/plugins/com.nxp.mcuxpresso.tools.macosx_11.0.1.201907311258/tools/bin/../lib/gcc/arm-none-eabi/8.2.1/../../../../arm-none-eabi/lib/thumb/v6-m/nofp/libcr_c.a(printf.o)
                                                  /Applications/MCUXpressoIDE_11.0.1_2563/ide/plugins/com.nxp.mcuxpresso.tools.macosx_11.0.1.201907311258/tools/bin/../lib/gcc/arm-none-eabi/8.2.1/../../../../arm-none-eabi/lib/thumb/v6-m/nofp/libcr_c.a(initio.o)
__Vectors                                         ./startup/startup_mkl25z4.o
__aeabi_idiv                                      /Applications/MCUXpressoIDE_11.0.1_2563/ide/plugins/com.nxp.mcuxpresso.tools.macosx_11.0.1.201907311258/tools/bin/../lib/gcc/arm-none-eabi/8.2.1/thumb/v6-m/nofp/libcr_eabihelpers.a(division_32.o)
                                                  ./CMSIS/system_MKL25Z4.o
                                                  ./source/stateFunctions.o
__aeabi_idiv0                                     /Applications/MCUXpressoIDE_11.0.1_2563/ide/plugins/com.nxp.mcuxpresso.tools.macosx_11.0.1.201907311258/tools/bin/../lib/gcc/arm-none-eabi/8.2.1/thumb/v6-m/nofp/libcr_eabihelpers.a(division_idiv0.o)
                                                  /Applications/MCUXpressoIDE_11.0.1_2563/ide/plugins/com.nxp.mcuxpresso.tools.macosx_11.0.1.201907311258/tools/bin/../lib/gcc/arm-none-eabi/8.2.1/thumb/v6-m/nofp/libcr_eabihelpers.a(division_32.o)
__aeabi_idivmod                                   /Applications/MCUXpressoIDE_11.0.1_2563/ide/plugins/com.nxp.mcuxpresso.tools.macosx_11.0.1.201907311258/tools/bin/../lib/gcc/arm-none-eabi/8.2.1/thumb/v6-m/nofp/libcr_eabihelpers.a(division_32.o)
__aeabi_lasr                                      /Applications/MCUXpressoIDE_11.0.1_2563/ide/plugins/com.nxp.mcuxpresso.tools.macosx_11.0.1.201907311258/tools/bin/../lib/gcc/arm-none-eabi/8.2.1/thumb/v6-m/nofp/libcr_eabihelpers.a(llong.o)
__aeabi_lcmp                                      /Applications/MCUXpressoIDE_11.0.1_2563/ide/plugins/com.nxp.mcuxpresso.tools.macosx_11.0.1.201907311258/tools/bin/../lib/gcc/arm-none-eabi/8.2.1/thumb/v6-m/nofp/libcr_eabihelpers.a(llong.o)
__aeabi_llsl                                      /Applications/MCUXpressoIDE_11.0.1_2563/ide/plugins/com.nxp.mcuxpresso.tools.macosx_11.0.1.201907311258/tools/bin/../lib/gcc/arm-none-eabi/8.2.1/thumb/v6-m/nofp/libcr_eabihelpers.a(llong.o)
__aeabi_llsr                                      /Applications/MCUXpressoIDE_11.0.1_2563/ide/plugins/com.nxp.mcuxpresso.tools.macosx_11.0.1.201907311258/tools/bin/../lib/gcc/arm-none-eabi/8.2.1/thumb/v6-m/nofp/libcr_eabihelpers.a(llong.o)
__aeabi_lmul                                      /Applications/MCUXpressoIDE_11.0.1_2563/ide/plugins/com.nxp.mcuxpresso.tools.macosx_11.0.1.201907311258/tools/bin/../lib/gcc/arm-none-eabi/8.2.1/thumb/v6-m/nofp/libcr_eabihelpers.a(llong.o)
                                                  /Applications/MCUXpressoIDE_11.0.1_2563/ide/plugins/com.nxp.mcuxpresso.tools.macosx_11.0.1.201907311258/tools/bin/../lib/gcc/arm-none-eabi/8.2.1/../../../../arm-none-eabi/lib/thumb/v6-m/nofp/libcr_c.a(printf.o)
__aeabi_lowlevel_memset                           /Applications/MCUXpressoIDE_11.0.1_2563/ide/plugins/com.nxp.mcuxpresso.tools.macosx_11.0.1.201907311258/tools/bin/../lib/gcc/arm-none-eabi/8.2.1/thumb/v6-m/nofp/libcr_eabihelpers.a(memcpy.o)
                                                  /Applications/MCUXpressoIDE_11.0.1_2563/ide/plugins/com.nxp.mcuxpresso.tools.macosx_11.0.1.201907311258/tools/bin/../lib/gcc/arm-none-eabi/8.2.1/../../../../arm-none-eabi/lib/thumb/v6-m/nofp/libcr_c.a(memset.o)
__aeabi_memclr                                    /Applications/MCUXpressoIDE_11.0.1_2563/ide/plugins/com.nxp.mcuxpresso.tools.macosx_11.0.1.201907311258/tools/bin/../lib/gcc/arm-none-eabi/8.2.1/thumb/v6-m/nofp/libcr_eabihelpers.a(memcpy.o)
__aeabi_memclr4                                   /Applications/MCUXpressoIDE_11.0.1_2563/ide/plugins/com.nxp.mcuxpresso.tools.macosx_11.0.1.201907311258/tools/bin/../lib/gcc/arm-none-eabi/8.2.1/thumb/v6-m/nofp/libcr_eabihelpers.a(memcpy.o)
__aeabi_memclr8                                   /Applications/MCUXpressoIDE_11.0.1_2563/ide/plugins/com.nxp.mcuxpresso.tools.macosx_11.0.1.201907311258/tools/bin/../lib/gcc/arm-none-eabi/8.2.1/thumb/v6-m/nofp/libcr_eabihelpers.a(memcpy.o)
__aeabi_memcpy                                    /Applications/MCUXpressoIDE_11.0.1_2563/ide/plugins/com.nxp.mcuxpresso.tools.macosx_11.0.1.201907311258/tools/bin/../lib/gcc/arm-none-eabi/8.2.1/thumb/v6-m/nofp/libcr_eabihelpers.a(memcpy.o)
                                                  /Applications/MCUXpressoIDE_11.0.1_2563/ide/plugins/com.nxp.mcuxpresso.tools.macosx_11.0.1.201907311258/tools/bin/../lib/gcc/arm-none-eabi/8.2.1/../../../../arm-none-eabi/lib/thumb/v6-m/nofp/libcr_c.a(memcpy.o)
__aeabi_memcpy4                                   /Applications/MCUXpressoIDE_11.0.1_2563/ide/plugins/com.nxp.mcuxpresso.tools.macosx_11.0.1.201907311258/tools/bin/../lib/gcc/arm-none-eabi/8.2.1/thumb/v6-m/nofp/libcr_eabihelpers.a(memcpy.o)
__aeabi_memcpy8                                   /Applications/MCUXpressoIDE_11.0.1_2563/ide/plugins/com.nxp.mcuxpresso.tools.macosx_11.0.1.201907311258/tools/bin/../lib/gcc/arm-none-eabi/8.2.1/thumb/v6-m/nofp/libcr_eabihelpers.a(memcpy.o)
__aeabi_memmove                                   /Applications/MCUXpressoIDE_11.0.1_2563/ide/plugins/com.nxp.mcuxpresso.tools.macosx_11.0.1.201907311258/tools/bin/../lib/gcc/arm-none-eabi/8.2.1/thumb/v6-m/nofp/libcr_eabihelpers.a(memcpy.o)
__aeabi_memmove4                                  /Applications/MCUXpressoIDE_11.0.1_2563/ide/plugins/com.nxp.mcuxpresso.tools.macosx_11.0.1.201907311258/tools/bin/../lib/gcc/arm-none-eabi/8.2.1/thumb/v6-m/nofp/libcr_eabihelpers.a(memcpy.o)
__aeabi_memmove8                                  /Applications/MCUXpressoIDE_11.0.1_2563/ide/plugins/com.nxp.mcuxpresso.tools.macosx_11.0.1.201907311258/tools/bin/../lib/gcc/arm-none-eabi/8.2.1/thumb/v6-m/nofp/libcr_eabihelpers.a(memcpy.o)
__aeabi_memset                                    /Applications/MCUXpressoIDE_11.0.1_2563/ide/plugins/com.nxp.mcuxpresso.tools.macosx_11.0.1.201907311258/tools/bin/../lib/gcc/arm-none-eabi/8.2.1/thumb/v6-m/nofp/libcr_eabihelpers.a(memcpy.o)
__aeabi_memset4                                   /Applications/MCUXpressoIDE_11.0.1_2563/ide/plugins/com.nxp.mcuxpresso.tools.macosx_11.0.1.201907311258/tools/bin/../lib/gcc/arm-none-eabi/8.2.1/thumb/v6-m/nofp/libcr_eabihelpers.a(memcpy.o)
__aeabi_memset8                                   /Applications/MCUXpressoIDE_11.0.1_2563/ide/plugins/com.nxp.mcuxpresso.tools.macosx_11.0.1.201907311258/tools/bin/../lib/gcc/arm-none-eabi/8.2.1/thumb/v6-m/nofp/libcr_eabihelpers.a(memcpy.o)
__aeabi_uidiv                                     /Applications/MCUXpressoIDE_11.0.1_2563/ide/plugins/com.nxp.mcuxpresso.tools.macosx_11.0.1.201907311258/tools/bin/../lib/gcc/arm-none-eabi/8.2.1/thumb/v6-m/nofp/libcr_eabihelpers.a(division_32.o)
                                                  ./CMSIS/system_MKL25Z4.o
__aeabi_uidivmod                                  /Applications/MCUXpressoIDE_11.0.1_2563/ide/plugins/com.nxp.mcuxpresso.tools.macosx_11.0.1.201907311258/tools/bin/../lib/gcc/arm-none-eabi/8.2.1/thumb/v6-m/nofp/libcr_eabihelpers.a(division_32.o)
__aeabi_ulcmp                                     /Applications/MCUXpressoIDE_11.0.1_2563/ide/plugins/com.nxp.mcuxpresso.tools.macosx_11.0.1.201907311258/tools/bin/../lib/gcc/arm-none-eabi/8.2.1/thumb/v6-m/nofp/libcr_eabihelpers.a(llong.o)
__bss_section_table_end                           ./startup/startup_mkl25z4.o
__check_heap_overflow                             /Applications/MCUXpressoIDE_11.0.1_2563/ide/plugins/com.nxp.mcuxpresso.tools.macosx_11.0.1.201907311258/tools/bin/../lib/gcc/arm-none-eabi/8.2.1/../../../../arm-none-eabi/lib/thumb/v6-m/nofp/libcr_c.a(_cr_check_heap.o)
                                                  /Applications/MCUXpressoIDE_11.0.1_2563/ide/plugins/com.nxp.mcuxpresso.tools.macosx_11.0.1.201907311258/tools/bin/../lib/gcc/arm-none-eabi/8.2.1/../../../../arm-none-eabi/lib/thumb/v6-m/nofp/libcr_c.a(_cr_sbrk.o)
__data_section_table                              ./startup/startup_mkl25z4.o
__data_section_table_end                          ./startup/startup_mkl25z4.o
__end_of_heap                                     /Applications/MCUXpressoIDE_11.0.1_2563/ide/plugins/com.nxp.mcuxpresso.tools.macosx_11.0.1.201907311258/tools/bin/../lib/gcc/arm-none-eabi/8.2.1/../../../../arm-none-eabi/lib/thumb/v6-m/nofp/libcr_c.a(__init_alloc.o)
                                                  /Applications/MCUXpressoIDE_11.0.1_2563/ide/plugins/com.nxp.mcuxpresso.tools.macosx_11.0.1.201907311258/tools/bin/../lib/gcc/arm-none-eabi/8.2.1/../../../../arm-none-eabi/lib/thumb/v6-m/nofp/libcr_c.a(_cr_sbrk.o)
__exit                                            /Applications/MCUXpressoIDE_11.0.1_2563/ide/plugins/com.nxp.mcuxpresso.tools.macosx_11.0.1.201907311258/tools/bin/../lib/gcc/arm-none-eabi/8.2.1/../../../../arm-none-eabi/lib/thumb/v6-m/nofp/libcr_semihost_nf.a(__sys_appexit.o)
__flsbuf                                          /Applications/MCUXpressoIDE_11.0.1_2563/ide/plugins/com.nxp.mcuxpresso.tools.macosx_11.0.1.201907311258/tools/bin/../lib/gcc/arm-none-eabi/8.2.1/../../../../arm-none-eabi/lib/thumb/v6-m/nofp/libcr_c.a(_deferredlazyseek.o)
                                                  /Applications/MCUXpressoIDE_11.0.1_2563/ide/plugins/com.nxp.mcuxpresso.tools.macosx_11.0.1.201907311258/tools/bin/../lib/gcc/arm-none-eabi/8.2.1/../../../../arm-none-eabi/lib/thumb/v6-m/nofp/libcr_c.a(printf.o)
__gnu_thumb1_case_shi                             /Applications/MCUXpressoIDE_11.0.1_2563/ide/plugins/com.nxp.mcuxpresso.tools.macosx_11.0.1.201907311258/tools/bin/../lib/gcc/arm-none-eabi/8.2.1/thumb/v6-m/nofp/libcr_eabihelpers.a(thumb1_switch_helpers.o)
__gnu_thumb1_case_si                              /Applications/MCUXpressoIDE_11.0.1_2563/ide/plugins/com.nxp.mcuxpresso.tools.macosx_11.0.1.201907311258/tools/bin/../lib/gcc/arm-none-eabi/8.2.1/thumb/v6-m/nofp/libcr_eabihelpers.a(thumb1_switch_helpers.o)
__gnu_thumb1_case_sqi                             /Applications/MCUXpressoIDE_11.0.1_2563/ide/plugins/com.nxp.mcuxpresso.tools.macosx_11.0.1.201907311258/tools/bin/../lib/gcc/arm-none-eabi/8.2.1/thumb/v6-m/nofp/libcr_eabihelpers.a(thumb1_switch_helpers.o)
__gnu_thumb1_case_uhi                             /Applications/MCUXpressoIDE_11.0.1_2563/ide/plugins/com.nxp.mcuxpresso.tools.macosx_11.0.1.201907311258/tools/bin/../lib/gcc/arm-none-eabi/8.2.1/thumb/v6-m/nofp/libcr_eabihelpers.a(thumb1_switch_helpers.o)
__gnu_thumb1_case_uqi                             /Applications/MCUXpressoIDE_11.0.1_2563/ide/plugins/com.nxp.mcuxpresso.tools.macosx_11.0.1.201907311258/tools/bin/../lib/gcc/arm-none-eabi/8.2.1/thumb/v6-m/nofp/libcr_eabihelpers.a(thumb1_switch_helpers.o)
                                                  ./source/PES Project 4.o
__heaps                                           /Applications/MCUXpressoIDE_11.0.1_2563/ide/plugins/com.nxp.mcuxpresso.tools.macosx_11.0.1.201907311258/tools/bin/../lib/gcc/arm-none-eabi/8.2.1/../../../../arm-none-eabi/lib/thumb/v6-m/nofp/libcr_c.a(__init_alloc.o)
                                                  /Applications/MCUXpressoIDE_11.0.1_2563/ide/plugins/com.nxp.mcuxpresso.tools.macosx_11.0.1.201907311258/tools/bin/../lib/gcc/arm-none-eabi/8.2.1/../../../../arm-none-eabi/lib/thumb/v6-m/nofp/libcr_c.a(alloc.o)
__main                                            /Applications/MCUXpressoIDE_11.0.1_2563/ide/plugins/com.nxp.mcuxpresso.tools.macosx_11.0.1.201907311258/tools/bin/../lib/gcc/arm-none-eabi/8.2.1/../../../../arm-none-eabi/lib/thumb/v6-m/nofp/libcr_semihost_nf.a(_cr__main.o)
                                                  ./startup/startup_mkl25z4.o
__mtb_buffer__                                    ./source/mtb.o
__num_Ciob_streams                                /Applications/MCUXpressoIDE_11.0.1_2563/ide/plugins/com.nxp.mcuxpresso.tools.macosx_11.0.1.201907311258/tools/bin/../lib/gcc/arm-none-eabi/8.2.1/../../../../arm-none-eabi/lib/thumb/v6-m/nofp/libcr_semihost_nf.a(__ciob.o)
                                                  /Applications/MCUXpressoIDE_11.0.1_2563/ide/plugins/com.nxp.mcuxpresso.tools.macosx_11.0.1.201907311258/tools/bin/../lib/gcc/arm-none-eabi/8.2.1/../../../../arm-none-eabi/lib/thumb/v6-m/nofp/libcr_c.a(fflush.o)
                                                  /Applications/MCUXpressoIDE_11.0.1_2563/ide/plugins/com.nxp.mcuxpresso.tools.macosx_11.0.1.201907311258/tools/bin/../lib/gcc/arm-none-eabi/8.2.1/../../../../arm-none-eabi/lib/thumb/v6-m/nofp/libcr_c.a(initio.o)
__sys_appexit                                     /Applications/MCUXpressoIDE_11.0.1_2563/ide/plugins/com.nxp.mcuxpresso.tools.macosx_11.0.1.201907311258/tools/bin/../lib/gcc/arm-none-eabi/8.2.1/../../../../arm-none-eabi/lib/thumb/v6-m/nofp/libcr_semihost_nf.a(__sys_appexit.o)
                                                  /Applications/MCUXpressoIDE_11.0.1_2563/ide/plugins/com.nxp.mcuxpresso.tools.macosx_11.0.1.201907311258/tools/bin/../lib/gcc/arm-none-eabi/8.2.1/../../../../arm-none-eabi/lib/thumb/v6-m/nofp/libcr_c.a(alloc.o)
__sys_close                                       /Applications/MCUXpressoIDE_11.0.1_2563/ide/plugins/com.nxp.mcuxpresso.tools.macosx_11.0.1.201907311258/tools/bin/../lib/gcc/arm-none-eabi/8.2.1/../../../../arm-none-eabi/lib/thumb/v6-m/nofp/libcr_semihost_nf.a(__sys_close.o)
                                                  /Applications/MCUXpressoIDE_11.0.1_2563/ide/plugins/com.nxp.mcuxpresso.tools.macosx_11.0.1.201907311258/tools/bin/../lib/gcc/arm-none-eabi/8.2.1/../../../../arm-none-eabi/lib/thumb/v6-m/nofp/libcr_c.a(fclose.o)
__sys_flen                                        /Applications/MCUXpressoIDE_11.0.1_2563/ide/plugins/com.nxp.mcuxpresso.tools.macosx_11.0.1.201907311258/tools/bin/../lib/gcc/arm-none-eabi/8.2.1/../../../../arm-none-eabi/lib/thumb/v6-m/nofp/libcr_semihost_nf.a(__sys_flen.o)
                                                  /Applications/MCUXpressoIDE_11.0.1_2563/ide/plugins/com.nxp.mcuxpresso.tools.macosx_11.0.1.201907311258/tools/bin/../lib/gcc/arm-none-eabi/8.2.1/../../../../arm-none-eabi/lib/thumb/v6-m/nofp/libcr_c.a(fseek.o)
                                                  /Applications/MCUXpressoIDE_11.0.1_2563/ide/plugins/com.nxp.mcuxpresso.tools.macosx_11.0.1.201907311258/tools/bin/../lib/gcc/arm-none-eabi/8.2.1/../../../../arm-none-eabi/lib/thumb/v6-m/nofp/libcr_c.a(_writebuf.o)
__sys_istty                                       /Applications/MCUXpressoIDE_11.0.1_2563/ide/plugins/com.nxp.mcuxpresso.tools.macosx_11.0.1.201907311258/tools/bin/../lib/gcc/arm-none-eabi/8.2.1/../../../../arm-none-eabi/lib/thumb/v6-m/nofp/libcr_semihost_nf.a(__sys_istty.o)
                                                  /Applications/MCUXpressoIDE_11.0.1_2563/ide/plugins/com.nxp.mcuxpresso.tools.macosx_11.0.1.201907311258/tools/bin/../lib/gcc/arm-none-eabi/8.2.1/../../../../arm-none-eabi/lib/thumb/v6-m/nofp/libcr_c.a(fseek.o)
                                                  /Applications/MCUXpressoIDE_11.0.1_2563/ide/plugins/com.nxp.mcuxpresso.tools.macosx_11.0.1.201907311258/tools/bin/../lib/gcc/arm-none-eabi/8.2.1/../../../../arm-none-eabi/lib/thumb/v6-m/nofp/libcr_c.a(_deferredlazyseek.o)
__sys_remove                                      /Applications/MCUXpressoIDE_11.0.1_2563/ide/plugins/com.nxp.mcuxpresso.tools.macosx_11.0.1.201907311258/tools/bin/../lib/gcc/arm-none-eabi/8.2.1/../../../../arm-none-eabi/lib/thumb/v6-m/nofp/libcr_semihost_nf.a(__sys_remove.o)
                                                  /Applications/MCUXpressoIDE_11.0.1_2563/ide/plugins/com.nxp.mcuxpresso.tools.macosx_11.0.1.201907311258/tools/bin/../lib/gcc/arm-none-eabi/8.2.1/../../../../arm-none-eabi/lib/thumb/v6-m/nofp/libcr_c.a(remove.o)
__sys_rename                                      /Applications/MCUXpressoIDE_11.0.1_2563/ide/plugins/com.nxp.mcuxpresso.tools.macosx_11.0.1.201907311258/tools/bin/../lib/gcc/arm-none-eabi/8.2.1/../../../../arm-none-eabi/lib/thumb/v6-m/nofp/libcr_semihost_nf.a(__sys_rename.o)
                                                  /Applications/MCUXpressoIDE_11.0.1_2563/ide/plugins/com.nxp.mcuxpresso.tools.macosx_11.0.1.201907311258/tools/bin/../lib/gcc/arm-none-eabi/8.2.1/../../../../arm-none-eabi/lib/thumb/v6-m/nofp/libcr_c.a(remove.o)
__sys_seek                                        /Applications/MCUXpressoIDE_11.0.1_2563/ide/plugins/com.nxp.mcuxpresso.tools.macosx_11.0.1.201907311258/tools/bin/../lib/gcc/arm-none-eabi/8.2.1/../../../../arm-none-eabi/lib/thumb/v6-m/nofp/libcr_semihost_nf.a(__sys_seek.o)
                                                  /Applications/MCUXpressoIDE_11.0.1_2563/ide/plugins/com.nxp.mcuxpresso.tools.macosx_11.0.1.201907311258/tools/bin/../lib/gcc/arm-none-eabi/8.2.1/../../../../arm-none-eabi/lib/thumb/v6-m/nofp/libcr_c.a(_writebuf.o)
__sys_tmpnam                                      /Applications/MCUXpressoIDE_11.0.1_2563/ide/plugins/com.nxp.mcuxpresso.tools.macosx_11.0.1.201907311258/tools/bin/../lib/gcc/arm-none-eabi/8.2.1/../../../../arm-none-eabi/lib/thumb/v6-m/nofp/libcr_semihost_nf.a(__sys_tmpnam.o)
                                                  /Applications/MCUXpressoIDE_11.0.1_2563/ide/plugins/com.nxp.mcuxpresso.tools.macosx_11.0.1.201907311258/tools/bin/../lib/gcc/arm-none-eabi/8.2.1/../../../../arm-none-eabi/lib/thumb/v6-m/nofp/libcr_c.a(fclose.o)
__sys_write                                       /Applications/MCUXpressoIDE_11.0.1_2563/ide/plugins/com.nxp.mcuxpresso.tools.macosx_11.0.1.201907311258/tools/bin/../lib/gcc/arm-none-eabi/8.2.1/../../../../arm-none-eabi/lib/thumb/v6-m/nofp/libcr_semihost_nf.a(__sys_write.o)
                                                  /Applications/MCUXpressoIDE_11.0.1_2563/ide/plugins/com.nxp.mcuxpresso.tools.macosx_11.0.1.201907311258/tools/bin/../lib/gcc/arm-none-eabi/8.2.1/../../../../arm-none-eabi/lib/thumb/v6-m/nofp/libcr_c.a(alloc.o)
                                                  /Applications/MCUXpressoIDE_11.0.1_2563/ide/plugins/com.nxp.mcuxpresso.tools.macosx_11.0.1.201907311258/tools/bin/../lib/gcc/arm-none-eabi/8.2.1/../../../../arm-none-eabi/lib/thumb/v6-m/nofp/libcr_c.a(_writebuf.o)
                                                  /Applications/MCUXpressoIDE_11.0.1_2563/ide/plugins/com.nxp.mcuxpresso.tools.macosx_11.0.1.201907311258/tools/bin/../lib/gcc/arm-none-eabi/8.2.1/../../../../arm-none-eabi/lib/thumb/v6-m/nofp/libcr_c.a(printf.o)
__vfprintf                                        /Applications/MCUXpressoIDE_11.0.1_2563/ide/plugins/com.nxp.mcuxpresso.tools.macosx_11.0.1.201907311258/tools/bin/../lib/gcc/arm-none-eabi/8.2.1/../../../../arm-none-eabi/lib/thumb/v6-m/nofp/libcr_c.a(printf.o)
_deferredlazyseek                                 /Applications/MCUXpressoIDE_11.0.1_2563/ide/plugins/com.nxp.mcuxpresso.tools.macosx_11.0.1.201907311258/tools/bin/../lib/gcc/arm-none-eabi/8.2.1/../../../../arm-none-eabi/lib/thumb/v6-m/nofp/libcr_c.a(_deferredlazyseek.o)
                                                  /Applications/MCUXpressoIDE_11.0.1_2563/ide/plugins/com.nxp.mcuxpresso.tools.macosx_11.0.1.201907311258/tools/bin/../lib/gcc/arm-none-eabi/8.2.1/../../../../arm-none-eabi/lib/thumb/v6-m/nofp/libcr_c.a(_do_fflush.o)
_do_fflush                                        /Applications/MCUXpressoIDE_11.0.1_2563/ide/plugins/com.nxp.mcuxpresso.tools.macosx_11.0.1.201907311258/tools/bin/../lib/gcc/arm-none-eabi/8.2.1/../../../../arm-none-eabi/lib/thumb/v6-m/nofp/libcr_c.a(_do_fflush.o)
                                                  /Applications/MCUXpressoIDE_11.0.1_2563/ide/plugins/com.nxp.mcuxpresso.tools.macosx_11.0.1.201907311258/tools/bin/../lib/gcc/arm-none-eabi/8.2.1/../../../../arm-none-eabi/lib/thumb/v6-m/nofp/libcr_c.a(fflush.o)
_fdopen                                           /Applications/MCUXpressoIDE_11.0.1_2563/ide/plugins/com.nxp.mcuxpresso.tools.macosx_11.0.1.201907311258/tools/bin/../lib/gcc/arm-none-eabi/8.2.1/../../../../arm-none-eabi/lib/thumb/v6-m/nofp/libcr_c.a(_fdopen.o)
                                                  /Applications/MCUXpressoIDE_11.0.1_2563/ide/plugins/com.nxp.mcuxpresso.tools.macosx_11.0.1.201907311258/tools/bin/../lib/gcc/arm-none-eabi/8.2.1/../../../../arm-none-eabi/lib/thumb/v6-m/nofp/libcr_c.a(initio.o)
_fflush                                           /Applications/MCUXpressoIDE_11.0.1_2563/ide/plugins/com.nxp.mcuxpresso.tools.macosx_11.0.1.201907311258/tools/bin/../lib/gcc/arm-none-eabi/8.2.1/../../../../arm-none-eabi/lib/thumb/v6-m/nofp/libcr_c.a(_fflush.o)
                                                  /Applications/MCUXpressoIDE_11.0.1_2563/ide/plugins/com.nxp.mcuxpresso.tools.macosx_11.0.1.201907311258/tools/bin/../lib/gcc/arm-none-eabi/8.2.1/../../../../arm-none-eabi/lib/thumb/v6-m/nofp/libcr_c.a(_do_fflush.o)
                                                  /Applications/MCUXpressoIDE_11.0.1_2563/ide/plugins/com.nxp.mcuxpresso.tools.macosx_11.0.1.201907311258/tools/bin/../lib/gcc/arm-none-eabi/8.2.1/../../../../arm-none-eabi/lib/thumb/v6-m/nofp/libcr_c.a(_deferredlazyseek.o)
_fprintf                                          /Applications/MCUXpressoIDE_11.0.1_2563/ide/plugins/com.nxp.mcuxpresso.tools.macosx_11.0.1.201907311258/tools/bin/../lib/gcc/arm-none-eabi/8.2.1/../../../../arm-none-eabi/lib/thumb/v6-m/nofp/libcr_c.a(printf.o)
_init_alloc                                       /Applications/MCUXpressoIDE_11.0.1_2563/ide/plugins/com.nxp.mcuxpresso.tools.macosx_11.0.1.201907311258/tools/bin/../lib/gcc/arm-none-eabi/8.2.1/../../../../arm-none-eabi/lib/thumb/v6-m/nofp/libcr_c.a(__init_alloc.o)
_initio                                           /Applications/MCUXpressoIDE_11.0.1_2563/ide/plugins/com.nxp.mcuxpresso.tools.macosx_11.0.1.201907311258/tools/bin/../lib/gcc/arm-none-eabi/8.2.1/../../../../arm-none-eabi/lib/thumb/v6-m/nofp/libcr_c.a(initio.o)
                                                  /Applications/MCUXpressoIDE_11.0.1_2563/ide/plugins/com.nxp.mcuxpresso.tools.macosx_11.0.1.201907311258/tools/bin/../lib/gcc/arm-none-eabi/8.2.1/../../../../arm-none-eabi/lib/thumb/v6-m/nofp/libcr_semihost_nf.a(_cr__main.o)
_printf                                           /Applications/MCUXpressoIDE_11.0.1_2563/ide/plugins/com.nxp.mcuxpresso.tools.macosx_11.0.1.201907311258/tools/bin/../lib/gcc/arm-none-eabi/8.2.1/../../../../arm-none-eabi/lib/thumb/v6-m/nofp/libcr_c.a(printf.o)
                                                  ./source/stateFunctions.o
                                                  ./source/loggerFunctions.o
                                                  ./source/System.o
                                                  ./source/PES Project 4.o
_printf_char                                      /Applications/MCUXpressoIDE_11.0.1_2563/ide/plugins/com.nxp.mcuxpresso.tools.macosx_11.0.1.201907311258/tools/bin/../lib/gcc/arm-none-eabi/8.2.1/../../../../arm-none-eabi/lib/thumb/v6-m/nofp/libcr_c.a(printf.o)