core_cm0plus.h:804:22:NVIC_SetPriority	24	static
stateFunctions.c:67:6:smallDelay	16	static
stateFunctions.c:73:6:endProgram	8	static
stateFunctions.c:89:17:tempReadState	8	static
stateFunctions.c:137:17:tempAlertState	8	static
stateFunctions.c:164:17:avgWaitState	8	static
stateFunctions.c:214:17:disconnectState	8	static
stateFunctions.c:229:17:errorState	8	static
stateFunctions.c:244:6:initPortD	8	static
stateFunctions.c:260:6:resetSysTick	8	static
stateFunctions.c:273:6:startSysTick	8	static
stateFunctions.c:280:6:Init_SysTick	8	static
stateFunctions.c:291:6:PORTD_IRQHandler	8	static
stateFunctions.c:303:6:SysTick_Handler	8	static
