core_cm0plus.h:804:22:NVIC_SetPriority	24	static
stateFunctions.c:67:6:smallDelay	16	static
stateFunctions.c:73:6:endProgram	8	static
stateFunctions.c:89:17:tempReadState	8	static
stateFunctions.c:133:17:tempAlertState	8	static
stateFunctions.c:160:17:avgWaitState	8	static
stateFunctions.c:210:17:disconnectState	8	static
stateFunctions.c:225:17:errorState	8	static
stateFunctions.c:240:6:initPortD	8	static
stateFunctions.c:256:6:resetSysTick	8	static
stateFunctions.c:269:6:startSysTick	8	static
stateFunctions.c:276:6:Init_SysTick	8	static
stateFunctions.c:287:6:PORTD_IRQHandler	8	static
stateFunctions.c:299:6:SysTick_Handler	8	static
